
Optional file libmchp_peripheral.a not found

Optional file libmchp_peripheral_32MX320F128H.a not found
Archive member included to satisfy reference by file (symbol)

c:/program files/microchip/xc32/v4.40/bin/bin/../../lib/gcc/pic32mx/8.3.1\libgcc.a(floatunsisf.o)
                              build/MAIN/production/_ext/1975241074/AD.o (__floatunsisf)
c:/program files/microchip/xc32/v4.40/bin/bin/../../lib/gcc/pic32mx/8.3.1/../../../../pic32mx/lib\libpic32.a(default-bootstrap-exception-handler.o)
                              C:\Users\cryst\AppData\Local\Temp\ccCfEteM.o (_bootstrap_exception_handler)
c:/program files/microchip/xc32/v4.40/bin/bin/../../lib/gcc/pic32mx/8.3.1/../../../../pic32mx/lib\libpic32.a(default-on-reset.o)
                              C:\Users\cryst\AppData\Local\Temp\ccCfEteM.o (_on_reset)
c:/program files/microchip/xc32/v4.40/bin/bin/../../lib/gcc/pic32mx/8.3.1/../../../../pic32mx/lib\libpic32.a(default-on-bootstrap.o)
                              C:\Users\cryst\AppData\Local\Temp\ccCfEteM.o (_on_bootstrap)
c:/program files/microchip/xc32/v4.40/bin/bin/../../lib/gcc/pic32mx/8.3.1/../../../../pic32mx/lib\libpic32.a(default-nmi-handler.o)
                              C:\Users\cryst\AppData\Local\Temp\ccCfEteM.o (_nmi_handler)
c:/program files/microchip/xc32/v4.40/bin/bin/../../lib/gcc/pic32mx/8.3.1/../../../../pic32mx/lib\libpic32.a(pic32_data_init_core.o)
                              C:\Users\cryst\AppData\Local\Temp\ccCfEteM.o (__pic32_data_init)
c:/program files/microchip/xc32/v4.40/bin/bin/../../lib/gcc/pic32mx/8.3.1/../../../../pic32mx/lib\libpic32.a(general-exception.o)
                              C:\Users\cryst\AppData\Local\Temp\ccCfEteM.o (_general_exception_context)
c:/program files/microchip/xc32/v4.40/bin/bin/../../lib/gcc/pic32mx/8.3.1/../../../../pic32mx/lib\libpic32.a(vector0.o)
                              C:\Users\cryst\AppData\Local\Temp\ccnQloRK.o (__vector_dispatch_0)
c:/program files/microchip/xc32/v4.40/bin/bin/../../lib/gcc/pic32mx/8.3.1/../../../../pic32mx/lib\libpic32.a(vector1.o)
                              C:\Users\cryst\AppData\Local\Temp\ccnQloRK.o (__vector_dispatch_1)
c:/program files/microchip/xc32/v4.40/bin/bin/../../lib/gcc/pic32mx/8.3.1/../../../../pic32mx/lib\libpic32.a(vector2.o)
                              C:\Users\cryst\AppData\Local\Temp\ccnQloRK.o (__vector_dispatch_2)
c:/program files/microchip/xc32/v4.40/bin/bin/../../lib/gcc/pic32mx/8.3.1/../../../../pic32mx/lib\libpic32.a(vector3.o)
                              C:\Users\cryst\AppData\Local\Temp\ccnQloRK.o (__vector_dispatch_3)
c:/program files/microchip/xc32/v4.40/bin/bin/../../lib/gcc/pic32mx/8.3.1/../../../../pic32mx/lib\libpic32.a(vector5.o)
                              C:\Users\cryst\AppData\Local\Temp\ccnQloRK.o (__vector_dispatch_5)
c:/program files/microchip/xc32/v4.40/bin/bin/../../lib/gcc/pic32mx/8.3.1/../../../../pic32mx/lib\libpic32.a(vector6.o)
                              C:\Users\cryst\AppData\Local\Temp\ccnQloRK.o (__vector_dispatch_6)
c:/program files/microchip/xc32/v4.40/bin/bin/../../lib/gcc/pic32mx/8.3.1/../../../../pic32mx/lib\libpic32.a(vector7.o)
                              C:\Users\cryst\AppData\Local\Temp\ccnQloRK.o (__vector_dispatch_7)
c:/program files/microchip/xc32/v4.40/bin/bin/../../lib/gcc/pic32mx/8.3.1/../../../../pic32mx/lib\libpic32.a(vector8.o)
                              C:\Users\cryst\AppData\Local\Temp\ccnQloRK.o (__vector_dispatch_8)
c:/program files/microchip/xc32/v4.40/bin/bin/../../lib/gcc/pic32mx/8.3.1/../../../../pic32mx/lib\libpic32.a(vector9.o)
                              C:\Users\cryst\AppData\Local\Temp\ccnQloRK.o (__vector_dispatch_9)
c:/program files/microchip/xc32/v4.40/bin/bin/../../lib/gcc/pic32mx/8.3.1/../../../../pic32mx/lib\libpic32.a(vector10.o)
                              C:\Users\cryst\AppData\Local\Temp\ccnQloRK.o (__vector_dispatch_10)
c:/program files/microchip/xc32/v4.40/bin/bin/../../lib/gcc/pic32mx/8.3.1/../../../../pic32mx/lib\libpic32.a(vector11.o)
                              C:\Users\cryst\AppData\Local\Temp\ccnQloRK.o (__vector_dispatch_11)
c:/program files/microchip/xc32/v4.40/bin/bin/../../lib/gcc/pic32mx/8.3.1/../../../../pic32mx/lib\libpic32.a(vector12.o)
                              C:\Users\cryst\AppData\Local\Temp\ccnQloRK.o (__vector_dispatch_12)
c:/program files/microchip/xc32/v4.40/bin/bin/../../lib/gcc/pic32mx/8.3.1/../../../../pic32mx/lib\libpic32.a(vector13.o)
                              C:\Users\cryst\AppData\Local\Temp\ccnQloRK.o (__vector_dispatch_13)
c:/program files/microchip/xc32/v4.40/bin/bin/../../lib/gcc/pic32mx/8.3.1/../../../../pic32mx/lib\libpic32.a(vector14.o)
                              C:\Users\cryst\AppData\Local\Temp\ccnQloRK.o (__vector_dispatch_14)
c:/program files/microchip/xc32/v4.40/bin/bin/../../lib/gcc/pic32mx/8.3.1/../../../../pic32mx/lib\libpic32.a(vector15.o)
                              C:\Users\cryst\AppData\Local\Temp\ccnQloRK.o (__vector_dispatch_15)
[...]
Memory Configuration

Name             Origin             Length             Attributes
kseg0_program_mem 0x000000009d002000 0x000000000001d000 xr
kseg0_boot_mem   0x000000009d000490 0x0000000000000970
exception_mem    0x000000009d001000 0x0000000000001000
kseg1_boot_mem   0x00000000bd000000 0x0000000000000490
debug_exec_mem   0x00000000bfc02000 0x0000000000000ff0
config3          0x00000000bfc02ff0 0x0000000000000004
config2          0x00000000bfc02ff4 0x0000000000000004
config1          0x00000000bfc02ff8 0x0000000000000004
config0          0x00000000bfc02ffc 0x0000000000000004
kseg1_data_mem   0x00000000a0000000 0x0000000000004000 w !x
sfrs             0x00000000bf800000 0x0000000000100000
configsfrs       0x00000000bfc02ff0 0x0000000000000010
*default*        0x0000000000000000 0xffffffffffffffff

Linker script and memory map

LOAD c:/program files/microchip/xc32/v4.40/bin/bin/../../lib/gcc/pic32mx/8.3.1/../../../../pic32mx/lib\debug-exception-return.o
LOAD build/MAIN/production/_ext/1975241074/ES_PostList.o
LOAD build/MAIN/production/_ext/1975241074/ES_Queue.o
LOAD build/MAIN/production/_ext/1975241074/ES_CheckEvents.o
LOAD build/MAIN/production/_ext/1975241074/AD.o
LOAD build/MAIN/production/_ext/1975241074/ES_Framework.o
LOAD build/MAIN/production/_ext/1975241074/ES_TattleTale.o
LOAD build/MAIN/production/_ext/1975241074/ES_Timers.o
LOAD build/MAIN/production/_ext/1975241074/ES_KeyboardInput.o
LOAD build/MAIN/production/_ext/1975241074/BOARD.o
LOAD build/MAIN/production/_ext/1975241074/LED.o
LOAD build/MAIN/production/_ext/1975241074/IO_Ports.o
LOAD build/MAIN/production/_ext/1975241074/pwm.o
LOAD build/MAIN/production/_ext/1975241074/RC_Servo.o
LOAD build/MAIN/production/_ext/1975241074/serial.o
LOAD build/MAIN/production/_ext/1975241074/timers.o
LOAD build/MAIN/production/Robot.o
LOAD build/MAIN/production/RobotHSM.o
LOAD build/MAIN/production/_ext/1472/FinalEventChecker.o
LOAD build/MAIN/production/_ext/1472/FollowTapeSubHSM.o
LOAD build/MAIN/production/_ext/1472/FollowWallSubHSM.o
LOAD build/MAIN/production/_ext/1472/TapeBumpService.o
LOAD build/MAIN/production/Final-ES_Main.o
                0x0000000000000001                __MPLAB_BUILD = 0x1
                0x0000000000000400                PROVIDE (_min_stack_size = 0x400)
START GROUP
LOAD libmchp_peripheral.a
END GROUP
START GROUP
LOAD libmchp_peripheral_32MX320F128H.a
END GROUP
                0x0000000000000001                PROVIDE (_vector_spacing = 0x1)
                0x000000009d001000                _ebase_address = 0x9d001000
                0x00000000bd000000                _RESET_ADDR = 0xbd000000
                0x00000000bd000380                _BEV_EXCPT_ADDR = 0xbd000380
                0x00000000bd000480                _DBG_EXCPT_ADDR = 0xbd000480
                0x00000000bfc02000                _DBG_CODE_ADDR = 0xbfc02000
                0x0000000000000ff0                _DBG_CODE_SIZE = 0xff0
                0x000000009d001180                _GEN_EXCPT_ADDR = (_ebase_address + 0x180)

.config_BFC02FF0
 *(.config_BFC02FF0)

.config_BFC02FF4
 *(.config_BFC02FF4)

.config_BFC02FF8
 *(.config_BFC02FF8)

.config_BFC02FFC
 *(.config_BFC02FFC)
                [!provide]                        PROVIDE (_DBG_CODE_ADDR = 0xbfc02000)
                [!provide]                        PROVIDE (_DBG_CODE_SIZE = 0xff0)

.reset          0x00000000bd000000      0x19c
 *(.reset)
 .reset         0x00000000bd000000        0x8 C:\Users\cryst\AppData\Local\Temp\ccCfEteM.o
                0x00000000bd000000                _reset
 *(.reset.startup)
 .reset.startup
                0x00000000bd000008      0x194 C:\Users\cryst\AppData\Local\Temp\ccCfEteM.o
                0x00000000bd000008                _startup

.bev_excpt      0x00000000bd000380       0x10
 *(.bev_handler)
 .bev_handler   0x00000000bd000380       0x10 C:\Users\cryst\AppData\Local\Temp\ccCfEteM.o

.dbg_excpt      0x00000000bd000480        0x0
                0x00000000bd000480                . = (. + DEFINED (_DEBUGGER)?0x8:0x0)

.dbg_code       0x00000000bfc02000        0x0
                0x00000000bfc02000                . = (. + DEFINED (_DEBUGGER)?_DBG_CODE_SIZE:0x0)

.app_excpt      0x000000009d001180       0x10
 *(.gen_handler)
 .gen_handler   0x000000009d001180       0x10 C:\Users\cryst\AppData\Local\Temp\ccCfEteM.o

.vector_0       0x000000009d001200        0x8
 *(.vector_0)
 .vector_0      0x000000009d001200        0x8 c:/program files/microchip/xc32/v4.40/bin/bin/../../lib/gcc/pic32mx/8.3.1/../../../../pic32mx/lib\libpic32.a(vector0.o)
                0x000000009d001200                __vector_dispatch_0
                0x0000000000000001                ASSERT (((_vector_spacing == 0x0) || (SIZEOF (.vector_0) <= (_vector_spacing << 0x5))), function at exception vector 0 too large)

.vector_1       0x000000009d001220        0x8
 *(.vector_1)
 .vector_1      0x000000009d001220        0x8 c:/program files/microchip/xc32/v4.40/bin/bin/../../lib/gcc/pic32mx/8.3.1/../../../../pic32mx/lib\libpic32.a(vector1.o)
                0x000000009d001220                __vector_dispatch_1
                0x0000000000000001                ASSERT (((_vector_spacing == 0x0) || (SIZEOF (.vector_1) <= (_vector_spacing << 0x5))), function at exception vector 1 too large)

.vector_2       0x000000009d001240        0x8
 *(.vector_2)
 .vector_2      0x000000009d001240        0x8 c:/program files/microchip/xc32/v4.40/bin/bin/../../lib/gcc/pic32mx/8.3.1/../../../../pic32mx/lib\libpic32.a(vector2.o)
                0x000000009d001240                __vector_dispatch_2
                0x0000000000000001                ASSERT (((_vector_spacing == 0x0) || (SIZEOF (.vector_2) <= (_vector_spacing << 0x5))), function at exception vector 2 too large)

.vector_3       0x000000009d001260        0x8
 *(.vector_3)
 .vector_3      0x000000009d001260        0x8 c:/program files/microchip/xc32/v4.40/bin/bin/../../lib/gcc/pic32mx/8.3.1/../../../../pic32mx/lib\libpic32.a(vector3.o)
                0x000000009d001260                __vector_dispatch_3
                0x0000000000000001                ASSERT (((_vector_spacing == 0x0) || (SIZEOF (.vector_3) <= (_vector_spacing << 0x5))), function at exception vector 3 too large)

.vector_4       0x000000009d001280        0x8
 *(.vector_4)
 .vector_4      0x000000009d001280        0x8 build/MAIN/production/_ext/1975241074/ES_Timers.o
                0x000000009d001280                __vector_dispatch_4
                0x0000000000000001                ASSERT (((_vector_spacing == 0x0) || (SIZEOF (.vector_4) <= (_vector_spacing << 0x5))), function at exception vector 4 too large)

.vector_5       0x000000009d0012a0        0x8
 *(.vector_5)
 .vector_5      0x000000009d0012a0        0x8 c:/program files/microchip/xc32/v4.40/bin/bin/../../lib/gcc/pic32mx/8.3.1/../../../../pic32mx/lib\libpic32.a(vector5.o)
                0x000000009d0012a0                __vector_dispatch_5
                0x0000000000000001                ASSERT (((_vector_spacing == 0x0) || (SIZEOF (.vector_5) <= (_vector_spacing << 0x5))), function at exception vector 5 too large)

.vector_6       0x000000009d0012c0        0x8
 *(.vector_6)
 .vector_6      0x000000009d0012c0        0x8 c:/program files/microchip/xc32/v4.40/bin/bin/../../lib/gcc/pic32mx/8.3.1/../../../../pic32mx/lib\libpic32.a(vector6.o)
                0x000000009d0012c0                __vector_dispatch_6
                0x0000000000000001                ASSERT (((_vector_spacing == 0x0) || (SIZEOF (.vector_6) <= (_vector_spacing << 0x5))), function at exception vector 6 too large)

.vector_7       0x000000009d0012e0        0x8
 *(.vector_7)
 .vector_7      0x000000009d0012e0        0x8 c:/program files/microchip/xc32/v4.40/bin/bin/../../lib/gcc/pic32mx/8.3.1/../../../../pic32mx/lib\libpic32.a(vector7.o)
                0x000000009d0012e0                __vector_dispatch_7
                0x0000000000000001                ASSERT (((_vector_spacing == 0x0) || (SIZEOF (.vector_7) <= (_vector_spacing << 0x5))), function at exception vector 7 too large)

.vector_8       0x000000009d001300        0x8
 *(.vector_8)
 .vector_8      0x000000009d001300        0x8 c:/program files/microchip/xc32/v4.40/bin/bin/../../lib/gcc/pic32mx/8.3.1/../../../../pic32mx/lib\libpic32.a(vector8.o)
                0x000000009d001300                __vector_dispatch_8
                0x0000000000000001                ASSERT (((_vector_spacing == 0x0) || (SIZEOF (.vector_8) <= (_vector_spacing << 0x5))), function at exception vector 8 too large)

.vector_9       0x000000009d001320        0x8
 *(.vector_9)
 .vector_9      0x000000009d001320        0x8 c:/program files/microchip/xc32/v4.40/bin/bin/../../lib/gcc/pic32mx/8.3.1/../../../../pic32mx/lib\libpic32.a(vector9.o)
                0x000000009d001320                __vector_dispatch_9
                0x0000000000000001                ASSERT (((_vector_spacing == 0x0) || (SIZEOF (.vector_9) <= (_vector_spacing << 0x5))), function at exception vector 9 too large)

.vector_10      0x000000009d001340        0x8
 *(.vector_10)
 .vector_10     0x000000009d001340        0x8 c:/program files/microchip/xc32/v4.40/bin/bin/../../lib/gcc/pic32mx/8.3.1/../../../../pic32mx/lib\libpic32.a(vector10.o)
                0x000000009d001340                __vector_dispatch_10
                0x0000000000000001                ASSERT (((_vector_spacing == 0x0) || (SIZEOF (.vector_10) <= (_vector_spacing << 0x5))), function at exception vector 10 too large)

.vector_11      0x000000009d001360        0x8
 *(.vector_11)
 .vector_11     0x000000009d001360        0x8 c:/program files/microchip/xc32/v4.40/bin/bin/../../lib/gcc/pic32mx/8.3.1/../../../../pic32mx/lib\libpic32.a(vector11.o)
                0x000000009d001360                __vector_dispatch_11
                0x0000000000000001                ASSERT (((_vector_spacing == 0x0) || (SIZEOF (.vector_11) <= (_vector_spacing << 0x5))), function at exception vector 11 too large)

.vector_12      0x000000009d001380        0x8
 *(.vector_12)
 .vector_12     0x000000009d001380        0x8 c:/program files/microchip/xc32/v4.40/bin/bin/../../lib/gcc/pic32mx/8.3.1/../../../../pic32mx/lib\libpic32.a(vector12.o)
                0x000000009d001380                __vector_dispatch_12
                0x0000000000000001                ASSERT (((_vector_spacing == 0x0) || (SIZEOF (.vector_12) <= (_vector_spacing << 0x5))), function at exception vector 12 too large)

.vector_13      0x000000009d0013a0        0x8
 *(.vector_13)
 .vector_13     0x000000009d0013a0        0x8 c:/program files/microchip/xc32/v4.40/bin/bin/../../lib/gcc/pic32mx/8.3.1/../../../../pic32mx/lib\libpic32.a(vector13.o)
                0x000000009d0013a0                __vector_dispatch_13
                0x0000000000000001                ASSERT (((_vector_spacing == 0x0) || (SIZEOF (.vector_13) <= (_vector_spacing << 0x5))), function at exception vector 13 too large)

.vector_14      0x000000009d0013c0        0x8
 *(.vector_14)
 .vector_14     0x000000009d0013c0        0x8 c:/program files/microchip/xc32/v4.40/bin/bin/../../lib/gcc/pic32mx/8.3.1/../../../../pic32mx/lib\libpic32.a(vector14.o)
                0x000000009d0013c0                __vector_dispatch_14
                0x0000000000000001                ASSERT (((_vector_spacing == 0x0) || (SIZEOF (.vector_14) <= (_vector_spacing << 0x5))), function at exception vector 14 too large)

.vector_15      0x000000009d0013e0        0x8
 *(.vector_15)
 .vector_15     0x000000009d0013e0        0x8 c:/program files/microchip/xc32/v4.40/bin/bin/../../lib/gcc/pic32mx/8.3.1/../../../../pic32mx/lib\libpic32.a(vector15.o)
                0x000000009d0013e0                __vector_dispatch_15
                0x0000000000000001                ASSERT (((_vector_spacing == 0x0) || (SIZEOF (.vector_15) <= (_vector_spacing << 0x5))), function at exception vector 15 too large)

.vector_16      0x000000009d001400        0x8
 *(.vector_16)
 .vector_16     0x000000009d001400        0x8 build/MAIN/production/_ext/1975241074/RC_Servo.o
                0x000000009d001400                __vector_dispatch_16
                0x0000000000000001                ASSERT (((_vector_spacing == 0x0) || (SIZEOF (.vector_16) <= (_vector_spacing << 0x5))), function at exception vector 16 too large)

.vector_17      0x000000009d001420        0x8
 *(.vector_17)
 .vector_17     0x000000009d001420        0x8 c:/program files/microchip/xc32/v4.40/bin/bin/../../lib/gcc/pic32mx/8.3.1/../../../../pic32mx/lib\libpic32.a(vector17.o)
                0x000000009d001420                __vector_dispatch_17
                0x0000000000000001                ASSERT (((_vector_spacing == 0x0) || (SIZEOF (.vector_17) <= (_vector_spacing << 0x5))), function at exception vector 17 too large)

.vector_18      0x000000009d001440        0x8
 *(.vector_18)
 .vector_18     0x000000009d001440        0x8 c:/program files/microchip/xc32/v4.40/bin/bin/../../lib/gcc/pic32mx/8.3.1/../../../../pic32mx/lib\libpic32.a(vector18.o)
                0x000000009d001440                __vector_dispatch_18
                0x0000000000000001                ASSERT (((_vector_spacing == 0x0) || (SIZEOF (.vector_18) <= (_vector_spacing << 0x5))), function at exception vector 18 too large)

.vector_19      0x000000009d001460        0x8
 *(.vector_19)
 .vector_19     0x000000009d001460        0x8 c:/program files/microchip/xc32/v4.40/bin/bin/../../lib/gcc/pic32mx/8.3.1/../../../../pic32mx/lib\libpic32.a(vector19.o)
                0x000000009d001460                __vector_dispatch_19
                0x0000000000000001                ASSERT (((_vector_spacing == 0x0) || (SIZEOF (.vector_19) <= (_vector_spacing << 0x5))), function at exception vector 19 too large)

.vector_20      0x000000009d001480        0x8
 *(.vector_20)
 .vector_20     0x000000009d001480        0x8 build/MAIN/production/_ext/1975241074/timers.o
                0x000000009d001480                __vector_dispatch_20
                0x0000000000000001                ASSERT (((_vector_spacing == 0x0) || (SIZEOF (.vector_20) <= (_vector_spacing << 0x5))), function at exception vector 20 too large)

.vector_21      0x000000009d0014a0        0x8
 *(.vector_21)
 .vector_21     0x000000009d0014a0        0x8 c:/program files/microchip/xc32/v4.40/bin/bin/../../lib/gcc/pic32mx/8.3.1/../../../../pic32mx/lib\libpic32.a(vector21.o)
                0x000000009d0014a0                __vector_dispatch_21
                0x0000000000000001                ASSERT (((_vector_spacing == 0x0) || (SIZEOF (.vector_21) <= (_vector_spacing << 0x5))), function at exception vector 21 too large)

.vector_22      0x000000009d0014c0        0x8
 *(.vector_22)
 .vector_22     0x000000009d0014c0        0x8 c:/program files/microchip/xc32/v4.40/bin/bin/../../lib/gcc/pic32mx/8.3.1/../../../../pic32mx/lib\libpic32.a(vector22.o)
                0x000000009d0014c0                __vector_dispatch_22
                0x0000000000000001                ASSERT (((_vector_spacing == 0x0) || (SIZEOF (.vector_22) <= (_vector_spacing << 0x5))), function at exception vector 22 too large)

.vector_23      0x000000009d0014e0        0x8
 *(.vector_23)
 .vector_23     0x000000009d0014e0        0x8 c:/program files/microchip/xc32/v4.40/bin/bin/../../lib/gcc/pic32mx/8.3.1/../../../../pic32mx/lib\libpic32.a(vector23.o)
                0x000000009d0014e0                __vector_dispatch_23
                0x0000000000000001                ASSERT (((_vector_spacing == 0x0) || (SIZEOF (.vector_23) <= (_vector_spacing << 0x5))), function at exception vector 23 too large)

.vector_24      0x000000009d001500        0x8
 *(.vector_24)
 .vector_24     0x000000009d001500        0x8 build/MAIN/production/_ext/1975241074/serial.o
                0x000000009d001500                __vector_dispatch_24
                0x0000000000000001                ASSERT (((_vector_spacing == 0x0) || (SIZEOF (.vector_24) <= (_vector_spacing << 0x5))), function at exception vector 24 too large)

.vector_25      0x000000009d001520        0x8
 *(.vector_25)
 .vector_25     0x000000009d001520        0x8 c:/program files/microchip/xc32/v4.40/bin/bin/../../lib/gcc/pic32mx/8.3.1/../../../../pic32mx/lib\libpic32.a(vector25.o)
                0x000000009d001520                __vector_dispatch_25
                0x0000000000000001                ASSERT (((_vector_spacing == 0x0) || (SIZEOF (.vector_25) <= (_vector_spacing << 0x5))), function at exception vector 25 too large)

.vector_26      0x000000009d001540        0x8
 *(.vector_26)
 .vector_26     0x000000009d001540        0x8 c:/program files/microchip/xc32/v4.40/bin/bin/../../lib/gcc/pic32mx/8.3.1/../../../../pic32mx/lib\libpic32.a(vector26.o)
                0x000000009d001540                __vector_dispatch_26
                0x0000000000000001                ASSERT (((_vector_spacing == 0x0) || (SIZEOF (.vector_26) <= (_vector_spacing << 0x5))), function at exception vector 26 too large)

.vector_27      0x000000009d001560        0x8
 *(.vector_27)
 .vector_27     0x000000009d001560        0x8 build/MAIN/production/_ext/1975241074/AD.o
                0x000000009d001560                __vector_dispatch_27
                0x0000000000000001                ASSERT (((_vector_spacing == 0x0) || (SIZEOF (.vector_27) <= (_vector_spacing << 0x5))), function at exception vector 27 too large)

.vector_28      0x000000009d001580        0x8
 *(.vector_28)
 .vector_28     0x000000009d001580        0x8 c:/program files/microchip/xc32/v4.40/bin/bin/../../lib/gcc/pic32mx/8.3.1/../../../../pic32mx/lib\libpic32.a(vector28.o)
                0x000000009d001580                __vector_dispatch_28
                0x0000000000000001                ASSERT (((_vector_spacing == 0x0) || (SIZEOF (.vector_28) <= (_vector_spacing << 0x5))), function at exception vector 28 too large)

.vector_29      0x000000009d0015a0        0x8
 *(.vector_29)
 .vector_29     0x000000009d0015a0        0x8 c:/program files/microchip/xc32/v4.40/bin/bin/../../lib/gcc/pic32mx/8.3.1/../../../../pic32mx/lib\libpic32.a(vector29.o)
                0x000000009d0015a0                __vector_dispatch_29
                0x0000000000000001                ASSERT (((_vector_spacing == 0x0) || (SIZEOF (.vector_29) <= (_vector_spacing << 0x5))), function at exception vector 29 too large)

.vector_30      0x000000009d0015c0        0x8
 *(.vector_30)
 .vector_30     0x000000009d0015c0        0x8 c:/program files/microchip/xc32/v4.40/bin/bin/../../lib/gcc/pic32mx/8.3.1/../../../../pic32mx/lib\libpic32.a(vector30.o)
                0x000000009d0015c0                __vector_dispatch_30
                0x0000000000000001                ASSERT (((_vector_spacing == 0x0) || (SIZEOF (.vector_30) <= (_vector_spacing << 0x5))), function at exception vector 30 too large)

.vector_31      0x000000009d0015e0        0x8
 *(.vector_31)
 .vector_31     0x000000009d0015e0        0x8 c:/program files/microchip/xc32/v4.40/bin/bin/../../lib/gcc/pic32mx/8.3.1/../../../../pic32mx/lib\libpic32.a(vector31.o)
                0x000000009d0015e0                __vector_dispatch_31
                0x0000000000000001                ASSERT (((_vector_spacing == 0x0) || (SIZEOF (.vector_31) <= (_vector_spacing << 0x5))), function at exception vector 31 too large)

.vector_32      0x000000009d001600        0x8
 *(.vector_32)
 .vector_32     0x000000009d001600        0x8 c:/program files/microchip/xc32/v4.40/bin/bin/../../lib/gcc/pic32mx/8.3.1/../../../../pic32mx/lib\libpic32.a(vector32.o)
                0x000000009d001600                __vector_dispatch_32
                0x0000000000000001                ASSERT (((_vector_spacing == 0x0) || (SIZEOF (.vector_32) <= (_vector_spacing << 0x5))), function at exception vector 32 too large)

.vector_33      0x000000009d001620        0x8
 *(.vector_33)
 .vector_33     0x000000009d001620        0x8 c:/program files/microchip/xc32/v4.40/bin/bin/../../lib/gcc/pic32mx/8.3.1/../../../../pic32mx/lib\libpic32.a(vector33.o)
                0x000000009d001620                __vector_dispatch_33
                0x0000000000000001                ASSERT (((_vector_spacing == 0x0) || (SIZEOF (.vector_33) <= (_vector_spacing << 0x5))), function at exception vector 33 too large)

.vector_34      0x000000009d001640        0x8
 *(.vector_34)
 .vector_34     0x000000009d001640        0x8 c:/program files/microchip/xc32/v4.40/bin/bin/../../lib/gcc/pic32mx/8.3.1/../../../../pic32mx/lib\libpic32.a(vector34.o)
                0x000000009d001640                __vector_dispatch_34
                0x0000000000000001                ASSERT (((_vector_spacing == 0x0) || (SIZEOF (.vector_34) <= (_vector_spacing << 0x5))), function at exception vector 34 too large)

.vector_35      0x000000009d001660        0x8
 *(.vector_35)
 .vector_35     0x000000009d001660        0x8 c:/program files/microchip/xc32/v4.40/bin/bin/../../lib/gcc/pic32mx/8.3.1/../../../../pic32mx/lib\libpic32.a(vector35.o)
                0x000000009d001660                __vector_dispatch_35
                0x0000000000000001                ASSERT (((_vector_spacing == 0x0) || (SIZEOF (.vector_35) <= (_vector_spacing << 0x5))), function at exception vector 35 too large)

.vector_36      0x000000009d001680        0x8
 *(.vector_36)
 .vector_36     0x000000009d001680        0x8 c:/program files/microchip/xc32/v4.40/bin/bin/../../lib/gcc/pic32mx/8.3.1/../../../../pic32mx/lib\libpic32.a(vector36.o)
                0x000000009d001680                __vector_dispatch_36
                0x0000000000000001                ASSERT (((_vector_spacing == 0x0) || (SIZEOF (.vector_36) <= (_vector_spacing << 0x5))), function at exception vector 36 too large)

.vector_37      0x000000009d0016a0        0x8
 *(.vector_37)
 .vector_37     0x000000009d0016a0        0x8 c:/program files/microchip/xc32/v4.40/bin/bin/../../lib/gcc/pic32mx/8.3.1/../../../../pic32mx/lib\libpic32.a(vector37.o)
                0x000000009d0016a0                __vector_dispatch_37
                0x0000000000000001                ASSERT (((_vector_spacing == 0x0) || (SIZEOF (.vector_37) <= (_vector_spacing << 0x5))), function at exception vector 37 too large)

.vector_38      0x000000009d0016c0        0x8
 *(.vector_38)
 .vector_38     0x000000009d0016c0        0x8 c:/program files/microchip/xc32/v4.40/bin/bin/../../lib/gcc/pic32mx/8.3.1/../../../../pic32mx/lib\libpic32.a(vector38.o)
                0x000000009d0016c0                __vector_dispatch_38
                0x0000000000000001                ASSERT (((_vector_spacing == 0x0) || (SIZEOF (.vector_38) <= (_vector_spacing << 0x5))), function at exception vector 38 too large)

.vector_39      0x000000009d0016e0        0x8
 *(.vector_39)
 .vector_39     0x000000009d0016e0        0x8 c:/program files/microchip/xc32/v4.40/bin/bin/../../lib/gcc/pic32mx/8.3.1/../../../../pic32mx/lib\libpic32.a(vector39.o)
                0x000000009d0016e0                __vector_dispatch_39
                0x0000000000000001                ASSERT (((_vector_spacing == 0x0) || (SIZEOF (.vector_39) <= (_vector_spacing << 0x5))), function at exception vector 39 too large)

.vector_40      0x000000009d001700        0x8
 *(.vector_40)
 .vector_40     0x000000009d001700        0x8 c:/program files/microchip/xc32/v4.40/bin/bin/../../lib/gcc/pic32mx/8.3.1/../../../../pic32mx/lib\libpic32.a(vector40.o)
                0x000000009d001700                __vector_dispatch_40
                0x0000000000000001                ASSERT (((_vector_spacing == 0x0) || (SIZEOF (.vector_40) <= (_vector_spacing << 0x5))), function at exception vector 40 too large)

.vector_41      0x000000009d001720        0x8
 *(.vector_41)
 .vector_41     0x000000009d001720        0x8 c:/program files/microchip/xc32/v4.40/bin/bin/../../lib/gcc/pic32mx/8.3.1/../../../../pic32mx/lib\libpic32.a(vector41.o)
                0x000000009d001720                __vector_dispatch_41
                0x0000000000000001                ASSERT (((_vector_spacing == 0x0) || (SIZEOF (.vector_41) <= (_vector_spacing << 0x5))), function at exception vector 41 too large)

.vector_42      0x000000009d001740        0x8
 *(.vector_42)
 .vector_42     0x000000009d001740        0x8 c:/program files/microchip/xc32/v4.40/bin/bin/../../lib/gcc/pic32mx/8.3.1/../../../../pic32mx/lib\libpic32.a(vector42.o)
                0x000000009d001740                __vector_dispatch_42
                0x0000000000000001                ASSERT (((_vector_spacing == 0x0) || (SIZEOF (.vector_42) <= (_vector_spacing << 0x5))), function at exception vector 42 too large)

.vector_43      0x000000009d001760        0x8
 *(.vector_43)
 .vector_43     0x000000009d001760        0x8 c:/program files/microchip/xc32/v4.40/bin/bin/../../lib/gcc/pic32mx/8.3.1/../../../../pic32mx/lib\libpic32.a(vector43.o)
                0x000000009d001760                __vector_dispatch_43
                0x0000000000000001                ASSERT (((_vector_spacing == 0x0) || (SIZEOF (.vector_43) <= (_vector_spacing << 0x5))), function at exception vector 43 too large)

.vector_44      0x000000009d001780        0x8
 *(.vector_44)
 .vector_44     0x000000009d001780        0x8 c:/program files/microchip/xc32/v4.40/bin/bin/../../lib/gcc/pic32mx/8.3.1/../../../../pic32mx/lib\libpic32.a(vector44.o)
                0x000000009d001780                __vector_dispatch_44
                0x0000000000000001                ASSERT (((_vector_spacing == 0x0) || (SIZEOF (.vector_44) <= (_vector_spacing << 0x5))), function at exception vector 44 too large)

.vector_45      0x000000009d0017a0        0x0
 *(.vector_45)
                0x0000000000000001                ASSERT (((_vector_spacing == 0x0) || (SIZEOF (.vector_45) <= (_vector_spacing << 0x5))), function at exception vector 45 too large)

.vector_46      0x000000009d0017c0        0x0
 *(.vector_46)
                0x0000000000000001                ASSERT (((_vector_spacing == 0x0) || (SIZEOF (.vector_46) <= (_vector_spacing << 0x5))), function at exception vector 46 too large)

.vector_47      0x000000009d0017e0        0x0
 *(.vector_47)
                0x0000000000000001                ASSERT (((_vector_spacing == 0x0) || (SIZEOF (.vector_47) <= (_vector_spacing << 0x5))), function at exception vector 47 too large)

.vector_48      0x000000009d001800        0x0
 *(.vector_48)
                0x0000000000000001                ASSERT (((_vector_spacing == 0x0) || (SIZEOF (.vector_48) <= (_vector_spacing << 0x5))), function at exception vector 48 too large)

.vector_49      0x000000009d001820        0x0
 *(.vector_49)
                0x0000000000000001                ASSERT (((_vector_spacing == 0x0) || (SIZEOF (.vector_49) <= (_vector_spacing << 0x5))), function at exception vector 49 too large)

.vector_50      0x000000009d001840        0x0
 *(.vector_50)
                0x0000000000000001                ASSERT (((_vector_spacing == 0x0) || (SIZEOF (.vector_50) <= (_vector_spacing << 0x5))), function at exception vector 50 too large)

.vector_51      0x000000009d001860        0x0
 *(.vector_51)
                0x0000000000000001                ASSERT (((_vector_spacing == 0x0) || (SIZEOF (.vector_51) <= (_vector_spacing << 0x5))), function at exception vector 51 too large)

.vector_52      0x000000009d001880        0x0
 *(.vector_52)
                0x0000000000000001                ASSERT (((_vector_spacing == 0x0) || (SIZEOF (.vector_52) <= (_vector_spacing << 0x5))), function at exception vector 52 too large)

.vector_53      0x000000009d0018a0        0x0
 *(.vector_53)
                0x0000000000000001                ASSERT (((_vector_spacing == 0x0) || (SIZEOF (.vector_53) <= (_vector_spacing << 0x5))), function at exception vector 53 too large)

.vector_54      0x000000009d0018c0        0x0
 *(.vector_54)
                0x0000000000000001                ASSERT (((_vector_spacing == 0x0) || (SIZEOF (.vector_54) <= (_vector_spacing << 0x5))), function at exception vector 54 too large)

.vector_55      0x000000009d0018e0        0x0
 *(.vector_55)
                0x0000000000000001                ASSERT (((_vector_spacing == 0x0) || (SIZEOF (.vector_55) <= (_vector_spacing << 0x5))), function at exception vector 55 too large)

.vector_56      0x000000009d001900        0x0
 *(.vector_56)
                0x0000000000000001                ASSERT (((_vector_spacing == 0x0) || (SIZEOF (.vector_56) <= (_vector_spacing << 0x5))), function at exception vector 56 too large)

.vector_57      0x000000009d001920        0x0
 *(.vector_57)
                0x0000000000000001                ASSERT (((_vector_spacing == 0x0) || (SIZEOF (.vector_57) <= (_vector_spacing << 0x5))), function at exception vector 57 too large)

.vector_58      0x000000009d001940        0x0
 *(.vector_58)
                0x0000000000000001                ASSERT (((_vector_spacing == 0x0) || (SIZEOF (.vector_58) <= (_vector_spacing << 0x5))), function at exception vector 58 too large)

.vector_59      0x000000009d001960        0x0
 *(.vector_59)
                0x0000000000000001                ASSERT (((_vector_spacing == 0x0) || (SIZEOF (.vector_59) <= (_vector_spacing << 0x5))), function at exception vector 59 too large)

.vector_60      0x000000009d001980        0x0
 *(.vector_60)
                0x0000000000000001                ASSERT (((_vector_spacing == 0x0) || (SIZEOF (.vector_60) <= (_vector_spacing << 0x5))), function at exception vector 60 too large)

.vector_61      0x000000009d0019a0        0x0
 *(.vector_61)
                0x0000000000000001                ASSERT (((_vector_spacing == 0x0) || (SIZEOF (.vector_61) <= (_vector_spacing << 0x5))), function at exception vector 61 too large)

.vector_62      0x000000009d0019c0        0x0
 *(.vector_62)
                0x0000000000000001                ASSERT (((_vector_spacing == 0x0) || (SIZEOF (.vector_62) <= (_vector_spacing << 0x5))), function at exception vector 62 too large)

.vector_63      0x000000009d0019e0        0x0
 *(.vector_63)
                0x0000000000000001                ASSERT (((_vector_spacing == 0x0) || (SIZEOF (.vector_63) <= (_vector_spacing << 0x5))), function at exception vector 63 too large)

.startup
 *(.startup)

.text           0x000000009d002000        0x0
 *(.stub .gnu.linkonce.t.*)
 *(.text.*personality*)
 *(.mips16.fn.*)
 *(.mips16.call.*)
 *(.gnu.warning)
                0x000000009d002000                . = ALIGN (0x4)

.init           0x000000009d002000        0x0
 *crti.o(.init)
 *crtbegin.o(.init)
 *(EXCLUDE_FILE(*crtn.o *crtend?.o *crtend.o) .init)
 *crtend.o(.init)
 *crtn.o(.init)
                0x000000009d002000                . = ALIGN (0x4)

.fini           0x000000009d002000        0x0
 *(.fini)
                0x000000009d002000                . = ALIGN (0x4)

.preinit_array  0x000000009d002000        0x0
                [!provide]                        PROVIDE (__preinit_array_start = .)
 *(.preinit_array)
                [!provide]                        PROVIDE (__preinit_array_end = .)
                0x000000009d002000                . = ALIGN (0x4)

.init_array     0x000000009d002000        0x0
                [!provide]                        PROVIDE (__init_array_start = .)
 *(SORT_BY_NAME(.init_array.*))
 *(.init_array)
                [!provide]                        PROVIDE (__init_array_end = .)
                0x000000009d002000                . = ALIGN (0x4)

.fini_array     0x000000009d002000        0x0
                [!provide]                        PROVIDE (__fini_array_start = .)
 *(SORT_BY_NAME(.fini_array.*))
 *(.fini_array)
                [!provide]                        PROVIDE (__fini_array_end = .)
                0x000000009d002000                . = ALIGN (0x4)

.ctors          0x000000009d002000        0x0
 *crtbegin.o(.ctors)
 *crtbegin?.o(.ctors)
 *(EXCLUDE_FILE(*crtend?.o *crtend.o) .ctors)
 *(SORT_BY_NAME(.ctors.*))
 *(.ctors)
                0x000000009d002000                . = ALIGN (0x4)

.dtors          0x000000009d002000        0x0
 *crtbegin.o(.dtors)
 *crtbegin?.o(.dtors)
 *(EXCLUDE_FILE(*crtend?.o *crtend.o) .dtors)
 *(SORT_BY_NAME(.dtors.*))
 *(.dtors)
                0x000000009d002000                . = ALIGN (0x4)

.rodata         0x000000009d002000        0x0
 *(.gnu.linkonce.r.*)
 *(.rodata1)
                0x000000009d002000                . = ALIGN (0x4)

.sdata2         0x000000009d002000        0x0
 *(.sdata2 .sdata2.* .gnu.linkonce.s2.*)
                0x000000009d002000                . = ALIGN (0x4)

.sbss2          0x000000009d002000        0x0
 *(.sbss2 .sbss2.* .gnu.linkonce.sb2.*)
                0x000000009d002000                . = ALIGN (0x4)

.eh_frame_hdr
 *(.eh_frame_hdr)
                0x000000009d002000                . = ALIGN (0x4)

.eh_frame
 *(.eh_frame)
                0x000000009d002000                . = ALIGN (0x4)

.gcc_except_table
 *(.gcc_except_table .gcc_except_table.*)
                0x000000009d002000                . = ALIGN (0x4)

.dbg_data       0x00000000a0000000        0x0
                0x00000000a0000000                . = (. + DEFINED (_DEBUGGER)?0x200:0x0)

.jcr            0x00000000a0000000        0x0
 *(.jcr)
                0x00000000a0000000                . = ALIGN (0x4)

.eh_frame
 *(.eh_frame)
                0x00000000a0000000                . = ALIGN (0x4)

.gcc_except_table
 *(.gcc_except_table .gcc_except_table.*)
                0x00000000a0000000                . = ALIGN (0x4)

.persist        0x00000000a0000000        0x0
                0x00000000a0000000                _persist_begin = .
 *(.persist .persist.*)
 *(.pbss .pbss.*)
                0x00000000a0000000                . = ALIGN (0x4)
                0x00000000a0000000                _persist_end = .

.data           0x00000000a0000000        0x0
 *(.gnu.linkonce.d.*)
 *(.data1)
                0x00000000a0000000                . = ALIGN (0x4)
                0x00000000a0000000                . = .
                0x00000000a0007ff0                _gp = (ALIGN (0x10) + 0x7ff0)

.got            0x00000000a0000000        0x0
 *(.got.plt)
 *(.got)
                0x00000000a0000000                . = ALIGN (0x4)

.sdata          0x00000000a0000000       0x28
                0x00000000a0000000                _sdata_begin = .
 *(.sdata .sdata.* .gnu.linkonce.s.*)
 .sdata         0x00000000a0000000        0x4 build/MAIN/production/_ext/1975241074/AD.o
 .sdata         0x00000000a0000004        0x7 build/MAIN/production/_ext/1975241074/RC_Servo.o
 *fill*         0x00000000a000000b        0x1 
 .sdata         0x00000000a000000c        0x8 build/MAIN/production/_ext/1472/FinalEventChecker.o
 .sdata         0x00000000a0000014       0x14 build/MAIN/production/_ext/1472/TapeBumpService.o
                0x00000000a0000028                . = ALIGN (0x4)
                0x00000000a0000028                _sdata_end = .

.lit8
 *(.lit8)

.lit4
 *(.lit4)
                0x00000000a0000028                . = ALIGN (0x4)
                0x00000000a0000028                _data_end = .
                0x00000000a0000028                _bss_begin = .

.sbss           0x00000000a0000028       0xc8
                0x00000000a0000028                _sbss_begin = .
 *(.dynsbss)
 *(.sbss .sbss.* .gnu.linkonce.sb.*)
 .sbss          0x00000000a0000028       0x24 build/MAIN/production/_ext/1975241074/AD.o
 .sbss          0x00000000a000004c        0xc build/MAIN/production/_ext/1975241074/ES_Framework.o
                0x00000000a000004c                Ready
 .sbss          0x00000000a0000058        0x4 build/MAIN/production/_ext/1975241074/ES_TattleTale.o
 .sbss          0x00000000a000005c       0x30 build/MAIN/production/_ext/1975241074/ES_Timers.o
 .sbss          0x00000000a000008c        0x1 build/MAIN/production/_ext/1975241074/ES_KeyboardInput.o
 .sbss          0x00000000a000008d        0x2 build/MAIN/production/_ext/1975241074/LED.o
 *fill*         0x00000000a000008f        0x1 
 .sbss          0x00000000a0000090        0xc build/MAIN/production/_ext/1975241074/pwm.o
 .sbss          0x00000000a000009c       0x12 build/MAIN/production/_ext/1975241074/RC_Servo.o
                0x00000000a000009c                RCenabled
 *fill*         0x00000000a00000ae        0x2 
 .sbss          0x00000000a00000b0        0xe build/MAIN/production/_ext/1975241074/serial.o
 *fill*         0x00000000a00000be        0x2 
 .sbss          0x00000000a00000c0        0xc build/MAIN/production/_ext/1975241074/timers.o
 .sbss          0x00000000a00000cc        0x5 build/MAIN/production/Robot.o
 *fill*         0x00000000a00000d1        0x3 
 .sbss          0x00000000a00000d4        0x7 build/MAIN/production/RobotHSM.o
 *fill*         0x00000000a00000db        0x1 
 .sbss          0x00000000a00000dc        0x6 build/MAIN/production/_ext/1472/FollowTapeSubHSM.o
 *fill*         0x00000000a00000e2        0x2 
 .sbss          0x00000000a00000e4        0x5 build/MAIN/production/_ext/1472/FollowWallSubHSM.o
 .sbss          0x00000000a00000e9        0x5 build/MAIN/production/_ext/1472/TapeBumpService.o
 *(.scommon)
                0x00000000a00000ee                _sbss_end = .
                0x00000000a00000f0                . = ALIGN (0x4)
 *fill*         0x00000000a00000ee        0x2 

.bss            0x00000000a00000f0        0x0
 *(.dynbss)
 *(COMMON)
                0x00000000a00000f0                . = ALIGN ((. != 0x0)?0x4:0x1)
                0x00000000a00000f0                . = ALIGN (0x4)
                0x00000000a00000f0                _end = .
                0x00000000a00000f0                _bss_end = .
                0x0000000000004000                _bmxdudba_address = LENGTH (kseg1_data_mem)
                0x0000000000004000                _bmxdupba_address = LENGTH (kseg1_data_mem)

/DISCARD/
 *(.pdr)
 *(.rel.dyn)
 *(.note.GNU-stack)
 *(.note.GNU-stack)
 *(.gnu_debuglink)
 *(.gnu.lto_*)
 *(.discard)

.gptab.sdata
 *(.gptab.data)
 *(.gptab.sdata)

.gptab.sbss
 *(.gptab.bss)
 *(.gptab.sbss)

.mdebug.abi32   0x00000000a00000f0        0x0
 *(.mdebug.abi32)
 .mdebug.abi32  0x00000000a00000f0        0x0 build/MAIN/production/_ext/1975241074/ES_PostList.o
 .mdebug.abi32  0x00000000a00000f0        0x0 build/MAIN/production/_ext/1975241074/ES_Queue.o
 .mdebug.abi32  0x00000000a00000f0        0x0 build/MAIN/production/_ext/1975241074/ES_CheckEvents.o
 .mdebug.abi32  0x00000000a00000f0        0x0 build/MAIN/production/_ext/1975241074/AD.o
 .mdebug.abi32  0x00000000a00000f0        0x0 build/MAIN/production/_ext/1975241074/ES_Framework.o
 .mdebug.abi32  0x00000000a00000f0        0x0 build/MAIN/production/_ext/1975241074/ES_TattleTale.o
 .mdebug.abi32  0x00000000a00000f0        0x0 build/MAIN/production/_ext/1975241074/ES_Timers.o
 .mdebug.abi32  0x00000000a00000f0        0x0 build/MAIN/production/_ext/1975241074/ES_KeyboardInput.o
 .mdebug.abi32  0x00000000a00000f0        0x0 build/MAIN/production/_ext/1975241074/BOARD.o
 .mdebug.abi32  0x00000000a00000f0        0x0 build/MAIN/production/_ext/1975241074/LED.o
 .mdebug.abi32  0x00000000a00000f0        0x0 build/MAIN/production/_ext/1975241074/IO_Ports.o
 .mdebug.abi32  0x00000000a00000f0        0x0 build/MAIN/production/_ext/1975241074/pwm.o
 .mdebug.abi32  0x00000000a00000f0        0x0 build/MAIN/production/_ext/1975241074/RC_Servo.o
 .mdebug.abi32  0x00000000a00000f0        0x0 build/MAIN/production/_ext/1975241074/serial.o
 .mdebug.abi32  0x00000000a00000f0        0x0 build/MAIN/production/_ext/1975241074/timers.o
 .mdebug.abi32  0x00000000a00000f0        0x0 build/MAIN/production/Robot.o
 .mdebug.abi32  0x00000000a00000f0        0x0 build/MAIN/production/RobotHSM.o
 .mdebug.abi32  0x00000000a00000f0        0x0 build/MAIN/production/_ext/1472/FinalEventChecker.o
 .mdebug.abi32  0x00000000a00000f0        0x0 build/MAIN/production/_ext/1472/FollowTapeSubHSM.o
 .mdebug.abi32  0x00000000a00000f0        0x0 build/MAIN/production/_ext/1472/FollowWallSubHSM.o
 .mdebug.abi32  0x00000000a00000f0        0x0 build/MAIN/production/_ext/1472/TapeBumpService.o
 .mdebug.abi32  0x00000000a00000f0        0x0 build/MAIN/production/Final-ES_Main.o
 .mdebug.abi32  0x00000000a00000f0        0x0 c:/program files/microchip/xc32/v4.40/bin/bin/../../lib/gcc/pic32mx/8.3.1\libgcc.a(floatunsisf.o)
 .mdebug.abi32  0x00000000a00000f0        0x0 c:/program files/microchip/xc32/v4.40/bin/bin/../../lib/gcc/pic32mx/8.3.1/../../../../pic32mx/lib\libpic32.a(default-bootstrap-exception-handler.o)
 .mdebug.abi32  0x00000000a00000f0        0x0 c:/program files/microchip/xc32/v4.40/bin/bin/../../lib/gcc/pic32mx/8.3.1/../../../../pic32mx/lib\libpic32.a(default-on-reset.o)
 .mdebug.abi32  0x00000000a00000f0        0x0 c:/program files/microchip/xc32/v4.40/bin/bin/../../lib/gcc/pic32mx/8.3.1/../../../../pic32mx/lib\libpic32.a(default-on-bootstrap.o)
 .mdebug.abi32  0x00000000a00000f0        0x0 c:/program files/microchip/xc32/v4.40/bin/bin/../../lib/gcc/pic32mx/8.3.1/../../../../pic32mx/lib\libpic32.a(default-general-exception-handler.o)
 .mdebug.abi32  0x00000000a00000f0        0x0 c:/program files/microchip/xc32/v4.40/bin/bin/../../lib/gcc/pic32mx/8.3.1/../../../../pic32mx/lib\libpic32.a(defaultinterrupt.o)
 .mdebug.abi32  0x00000000a00000f0        0x0 c:/program files/microchip/xc32/v4.40/bin/bin/../../lib/gcc/pic32mx/8.3.1/../../../../pic32mx/lib\libc-musl.a(__sio_printf_cdnpsxX.o)
 .mdebug.abi32  0x00000000a00000f0        0x0 c:/program files/microchip/xc32/v4.40/bin/bin/../../lib/gcc/pic32mx/8.3.1/../../../../pic32mx/lib\libc-musl.a(__fmt_d.o)
 .mdebug.abi32  0x00000000a00000f0        0x0 c:/program files/microchip/xc32/v4.40/bin/bin/../../lib/gcc/pic32mx/8.3.1/../../../../pic32mx/lib\libc-musl.a(__fmt_s.o)
 .mdebug.abi32  0x00000000a00000f0        0x0 c:/program files/microchip/xc32/v4.40/bin/bin/../../lib/gcc/pic32mx/8.3.1/../../../../pic32mx/lib\libc-musl.a(__fmt_x.o)
 .mdebug.abi32  0x00000000a00000f0        0x0 c:/program files/microchip/xc32/v4.40/bin/bin/../../lib/gcc/pic32mx/8.3.1/../../../../pic32mx/lib\libc-musl.a(__pop_int.o)
 .mdebug.abi32  0x00000000a00000f0        0x0 c:/program files/microchip/xc32/v4.40/bin/bin/../../lib/gcc/pic32mx/8.3.1/../../../../pic32mx/lib\libc-musl.a(__pop_ptr.o)
 .mdebug.abi32  0x00000000a00000f0        0x0 c:/program files/microchip/xc32/v4.40/bin/bin/../../lib/gcc/pic32mx/8.3.1/../../../../pic32mx/lib\libc-musl.a(__printf_core.o)
 .mdebug.abi32  0x00000000a00000f0        0x0 c:/program files/microchip/xc32/v4.40/bin/bin/../../lib/gcc/pic32mx/8.3.1/../../../../pic32mx/lib\libc-musl.a(stdout.o)
 .mdebug.abi32  0x00000000a00000f0        0x0 c:/program files/microchip/xc32/v4.40/bin/bin/../../lib/gcc/pic32mx/8.3.1/../../../../pic32mx/lib\libc-musl.a(putchar.o)
 .mdebug.abi32  0x00000000a00000f0        0x0 c:/program files/microchip/xc32/v4.40/bin/bin/../../lib/gcc/pic32mx/8.3.1/../../../../pic32mx/lib\libc-musl.a(puts.o)
 .mdebug.abi32  0x00000000a00000f0        0x0 c:/program files/microchip/xc32/v4.40/bin/bin/../../lib/gcc/pic32mx/8.3.1/../../../../pic32mx/lib\libc-musl.a(atoi.o)
 .mdebug.abi32  0x00000000a00000f0        0x0 c:/program files/microchip/xc32/v4.40/bin/bin/../../lib/gcc/pic32mx/8.3.1/../../../../pic32mx/lib\libc-musl.a(memcpy.o)
 .mdebug.abi32  0x00000000a00000f0        0x0 c:/program files/microchip/xc32/v4.40/bin/bin/../../lib/gcc/pic32mx/8.3.1/../../../../pic32mx/lib\libc-musl.a(memset.o)
 .mdebug.abi32  0x00000000a00000f0        0x0 c:/program files/microchip/xc32/v4.40/bin/bin/../../lib/gcc/pic32mx/8.3.1/../../../../pic32mx/lib\libc-musl.a(strlen.o)
 .mdebug.abi32  0x00000000a00000f0        0x0 c:/program files/microchip/xc32/v4.40/bin/bin/../../lib/gcc/pic32mx/8.3.1/../../../../pic32mx/lib\libc-musl.a(tolower.o)
 .mdebug.abi32  0x00000000a00000f0        0x0 c:/program files/microchip/xc32/v4.40/bin/bin/../../lib/gcc/pic32mx/8.3.1/../../../../pic32mx/lib\libc-musl.a(toupper.o)
 .mdebug.abi32  0x00000000a00000f0        0x0 c:/program files/microchip/xc32/v4.40/bin/bin/../../lib/gcc/pic32mx/8.3.1/../../../../pic32mx/lib\libc-musl.a(__int_vfprintf.o)
 .mdebug.abi32  0x00000000a00000f0        0x0 c:/program files/microchip/xc32/v4.40/bin/bin/../../lib/gcc/pic32mx/8.3.1/../../../../pic32mx/lib\libc-musl.a(fputs.o)
 .mdebug.abi32  0x00000000a00000f0        0x0 c:/program files/microchip/xc32/v4.40/bin/bin/../../lib/gcc/pic32mx/8.3.1/../../../../pic32mx/lib\libc-musl.a(__cvt_u.o)
 .mdebug.abi32  0x00000000a00000f0        0x0 c:/program files/microchip/xc32/v4.40/bin/bin/../../lib/gcc/pic32mx/8.3.1/../../../../pic32mx/lib\libc-musl.a(__io_init_needed.o)
 .mdebug.abi32  0x00000000a00000f0        0x0 c:/program files/microchip/xc32/v4.40/bin/bin/../../lib/gcc/pic32mx/8.3.1/../../../../pic32mx/lib\libc-musl.a(__out.o)
 .mdebug.abi32  0x00000000a00000f0        0x0 c:/program files/microchip/xc32/v4.40/bin/bin/../../lib/gcc/pic32mx/8.3.1/../../../../pic32mx/lib\libc-musl.a(__pop_float.o)
 .mdebug.abi32  0x00000000a00000f0        0x0 c:/program files/microchip/xc32/v4.40/bin/bin/../../lib/gcc/pic32mx/8.3.1/../../../../pic32mx/lib\libc-musl.a(__stdio_close.o)
 .mdebug.abi32  0x00000000a00000f0        0x0 c:/program files/microchip/xc32/v4.40/bin/bin/../../lib/gcc/pic32mx/8.3.1/../../../../pic32mx/lib\libc-musl.a(fwrite.o)
 .mdebug.abi32  0x00000000a00000f0        0x0 c:/program files/microchip/xc32/v4.40/bin/bin/../../lib/gcc/pic32mx/8.3.1/../../../../pic32mx/lib\libc-musl.a(putc.o)
 .mdebug.abi32  0x00000000a00000f0        0x0 c:/program files/microchip/xc32/v4.40/bin/bin/../../lib/gcc/pic32mx/8.3.1/../../../../pic32mx/lib\libc-musl.a(__init_stdio.o)
 .mdebug.abi32  0x00000000a00000f0        0x0 c:/program files/microchip/xc32/v4.40/bin/bin/../../lib/gcc/pic32mx/8.3.1/../../../../pic32mx/lib\libc-musl.a(__io_file_needed.o)
 .mdebug.abi32  0x00000000a00000f0        0x0 c:/program files/microchip/xc32/v4.40/bin/bin/../../lib/gcc/pic32mx/8.3.1\libgcc.a(_udivdi3.o)
 .mdebug.abi32  0x00000000a00000f0        0x0 c:/program files/microchip/xc32/v4.40/bin/bin/../../lib/gcc/pic32mx/8.3.1\libgcc.a(_umoddi3.o)
 .mdebug.abi32  0x00000000a00000f0        0x0 c:/program files/microchip/xc32/v4.40/bin/bin/../../lib/gcc/pic32mx/8.3.1/../../../../pic32mx/lib\libpic32.a(write.o)
 .mdebug.abi32  0x00000000a00000f0        0x0 c:/program files/microchip/xc32/v4.40/bin/bin/../../lib/gcc/pic32mx/8.3.1/../../../../pic32mx/lib\libpic32.a(lseek.o)
 .mdebug.abi32  0x00000000a00000f0        0x0 c:/program files/microchip/xc32/v4.40/bin/bin/../../lib/gcc/pic32mx/8.3.1/../../../../pic32mx/lib\libpic32.a(close.o)
 .mdebug.abi32  0x00000000a00000f0        0x0 c:/program files/microchip/xc32/v4.40/bin/bin/../../lib/gcc/pic32mx/8.3.1/../../../../pic32mx/lib\libpic32.a(errno.o)

.mdebug.abiN32
 *(.mdebug.abiN32)

.mdebug.abi64
 *(.mdebug.abi64)

.mdebug.abiO64
 *(.mdebug.abiO64)

.mdebug.eabi32
 *(.mdebug.eabi32)

.mdebug.eabi64
 *(.mdebug.eabi64)

.gcc_compiled_long32
 *(.gcc_compiled_long32)

.gcc_compiled_long64
 *(.gcc_compiled_long64)

.stab
 *(.stab)

.stabstr
 *(.stabstr)

.stab.excl
 *(.stab.excl)

.stab.exclstr
 *(.stab.exclstr)

.stab.index
 *(.stab.index)

.stab.indexstr
 *(.stab.indexstr)

.comment        0x0000000000000000       0x2b
 *(.comment)
 .comment       0x0000000000000000       0x2b build/MAIN/production/_ext/1975241074/ES_PostList.o
                                         0x2c (size before relaxing)
 .comment       0x000000000000002b       0x2c build/MAIN/production/_ext/1975241074/ES_Queue.o
 .comment       0x000000000000002b       0x2c build/MAIN/production/_ext/1975241074/ES_CheckEvents.o
 .comment       0x000000000000002b       0x2c build/MAIN/production/_ext/1975241074/AD.o
 .comment       0x000000000000002b       0x2c build/MAIN/production/_ext/1975241074/ES_Framework.o
 .comment       0x000000000000002b       0x2c build/MAIN/production/_ext/1975241074/ES_TattleTale.o
 .comment       0x000000000000002b       0x2c build/MAIN/production/_ext/1975241074/ES_Timers.o
 .comment       0x000000000000002b       0x2c build/MAIN/production/_ext/1975241074/ES_KeyboardInput.o
 .comment       0x000000000000002b       0x2c build/MAIN/production/_ext/1975241074/BOARD.o
 .comment       0x000000000000002b       0x2c build/MAIN/production/_ext/1975241074/LED.o
 .comment       0x000000000000002b       0x2c build/MAIN/production/_ext/1975241074/IO_Ports.o
 .comment       0x000000000000002b       0x2c build/MAIN/production/_ext/1975241074/pwm.o
 .comment       0x000000000000002b       0x2c build/MAIN/production/_ext/1975241074/RC_Servo.o
 .comment       0x000000000000002b       0x2c build/MAIN/production/_ext/1975241074/serial.o
 .comment       0x000000000000002b       0x2c build/MAIN/production/_ext/1975241074/timers.o
 .comment       0x000000000000002b       0x2c build/MAIN/production/Robot.o
 .comment       0x000000000000002b       0x2c build/MAIN/production/RobotHSM.o
 .comment       0x000000000000002b       0x2c build/MAIN/production/_ext/1472/FinalEventChecker.o
 .comment       0x000000000000002b       0x2c build/MAIN/production/_ext/1472/FollowTapeSubHSM.o
 .comment       0x000000000000002b       0x2c build/MAIN/production/_ext/1472/FollowWallSubHSM.o
 .comment       0x000000000000002b       0x2c build/MAIN/production/_ext/1472/TapeBumpService.o
 .comment       0x000000000000002b       0x2c build/MAIN/production/Final-ES_Main.o
 .comment       0x000000000000002b       0x2c c:/program files/microchip/xc32/v4.40/bin/bin/../../lib/gcc/pic32mx/8.3.1\libgcc.a(floatunsisf.o)
 .comment       0x000000000000002b       0x2c c:/program files/microchip/xc32/v4.40/bin/bin/../../lib/gcc/pic32mx/8.3.1/../../../../pic32mx/lib\libpic32.a(default-bootstrap-exception-handler.o)
 .comment       0x000000000000002b       0x2c c:/program files/microchip/xc32/v4.40/bin/bin/../../lib/gcc/pic32mx/8.3.1/../../../../pic32mx/lib\libpic32.a(default-on-reset.o)
 .comment       0x000000000000002b       0x2c c:/program files/microchip/xc32/v4.40/bin/bin/../../lib/gcc/pic32mx/8.3.1/../../../../pic32mx/lib\libpic32.a(default-on-bootstrap.o)
 .comment       0x000000000000002b       0x2c c:/program files/microchip/xc32/v4.40/bin/bin/../../lib/gcc/pic32mx/8.3.1/../../../../pic32mx/lib\libpic32.a(default-general-exception-handler.o)
 .comment       0x000000000000002b       0x2c c:/program files/microchip/xc32/v4.40/bin/bin/../../lib/gcc/pic32mx/8.3.1/../../../../pic32mx/lib\libpic32.a(defaultinterrupt.o)
 .comment       0x000000000000002b       0x2c c:/program files/microchip/xc32/v4.40/bin/bin/../../lib/gcc/pic32mx/8.3.1/../../../../pic32mx/lib\libc-musl.a(__sio_printf_cdnpsxX.o)
 .comment       0x000000000000002b       0x2c c:/program files/microchip/xc32/v4.40/bin/bin/../../lib/gcc/pic32mx/8.3.1/../../../../pic32mx/lib\libc-musl.a(__fmt_d.o)
 .comment       0x000000000000002b       0x2c c:/program files/microchip/xc32/v4.40/bin/bin/../../lib/gcc/pic32mx/8.3.1/../../../../pic32mx/lib\libc-musl.a(__fmt_s.o)
 .comment       0x000000000000002b       0x2c c:/program files/microchip/xc32/v4.40/bin/bin/../../lib/gcc/pic32mx/8.3.1/../../../../pic32mx/lib\libc-musl.a(__fmt_x.o)
 .comment       0x000000000000002b       0x2c c:/program files/microchip/xc32/v4.40/bin/bin/../../lib/gcc/pic32mx/8.3.1/../../../../pic32mx/lib\libc-musl.a(__pop_int.o)
 .comment       0x000000000000002b       0x2c c:/program files/microchip/xc32/v4.40/bin/bin/../../lib/gcc/pic32mx/8.3.1/../../../../pic32mx/lib\libc-musl.a(__pop_ptr.o)
 .comment       0x000000000000002b       0x2c c:/program files/microchip/xc32/v4.40/bin/bin/../../lib/gcc/pic32mx/8.3.1/../../../../pic32mx/lib\libc-musl.a(__printf_core.o)
 .comment       0x000000000000002b       0x2c c:/program files/microchip/xc32/v4.40/bin/bin/../../lib/gcc/pic32mx/8.3.1/../../../../pic32mx/lib\libc-musl.a(stdout.o)
 .comment       0x000000000000002b       0x2c c:/program files/microchip/xc32/v4.40/bin/bin/../../lib/gcc/pic32mx/8.3.1/../../../../pic32mx/lib\libc-musl.a(putchar.o)
 .comment       0x000000000000002b       0x2c c:/program files/microchip/xc32/v4.40/bin/bin/../../lib/gcc/pic32mx/8.3.1/../../../../pic32mx/lib\libc-musl.a(puts.o)
 .comment       0x000000000000002b       0x2c c:/program files/microchip/xc32/v4.40/bin/bin/../../lib/gcc/pic32mx/8.3.1/../../../../pic32mx/lib\libc-musl.a(atoi.o)
 .comment       0x000000000000002b       0x2c c:/program files/microchip/xc32/v4.40/bin/bin/../../lib/gcc/pic32mx/8.3.1/../../../../pic32mx/lib\libc-musl.a(memcpy.o)
 .comment       0x000000000000002b       0x2c c:/program files/microchip/xc32/v4.40/bin/bin/../../lib/gcc/pic32mx/8.3.1/../../../../pic32mx/lib\libc-musl.a(memset.o)
 .comment       0x000000000000002b       0x2c c:/program files/microchip/xc32/v4.40/bin/bin/../../lib/gcc/pic32mx/8.3.1/../../../../pic32mx/lib\libc-musl.a(strlen.o)
 .comment       0x000000000000002b       0x2c c:/program files/microchip/xc32/v4.40/bin/bin/../../lib/gcc/pic32mx/8.3.1/../../../../pic32mx/lib\libc-musl.a(tolower.o)
 .comment       0x000000000000002b       0x2c c:/program files/microchip/xc32/v4.40/bin/bin/../../lib/gcc/pic32mx/8.3.1/../../../../pic32mx/lib\libc-musl.a(toupper.o)
 .comment       0x000000000000002b       0x2c c:/program files/microchip/xc32/v4.40/bin/bin/../../lib/gcc/pic32mx/8.3.1/../../../../pic32mx/lib\libc-musl.a(__int_vfprintf.o)
 .comment       0x000000000000002b       0x2c c:/program files/microchip/xc32/v4.40/bin/bin/../../lib/gcc/pic32mx/8.3.1/../../../../pic32mx/lib\libc-musl.a(fputs.o)
 .comment       0x000000000000002b       0x2c c:/program files/microchip/xc32/v4.40/bin/bin/../../lib/gcc/pic32mx/8.3.1/../../../../pic32mx/lib\libc-musl.a(__cvt_u.o)
 .comment       0x000000000000002b       0x2c c:/program files/microchip/xc32/v4.40/bin/bin/../../lib/gcc/pic32mx/8.3.1/../../../../pic32mx/lib\libc-musl.a(__io_init_needed.o)
 .comment       0x000000000000002b       0x2c c:/program files/microchip/xc32/v4.40/bin/bin/../../lib/gcc/pic32mx/8.3.1/../../../../pic32mx/lib\libc-musl.a(__out.o)
 .comment       0x000000000000002b       0x2c c:/program files/microchip/xc32/v4.40/bin/bin/../../lib/gcc/pic32mx/8.3.1/../../../../pic32mx/lib\libc-musl.a(__pop_float.o)
 .comment       0x000000000000002b       0x2c c:/program files/microchip/xc32/v4.40/bin/bin/../../lib/gcc/pic32mx/8.3.1/../../../../pic32mx/lib\libc-musl.a(__stdio_close.o)
 .comment       0x000000000000002b       0x2c c:/program files/microchip/xc32/v4.40/bin/bin/../../lib/gcc/pic32mx/8.3.1/../../../../pic32mx/lib\libc-musl.a(fwrite.o)
 .comment       0x000000000000002b       0x2c c:/program files/microchip/xc32/v4.40/bin/bin/../../lib/gcc/pic32mx/8.3.1/../../../../pic32mx/lib\libc-musl.a(putc.o)
 .comment       0x000000000000002b       0x2c c:/program files/microchip/xc32/v4.40/bin/bin/../../lib/gcc/pic32mx/8.3.1/../../../../pic32mx/lib\libc-musl.a(__init_stdio.o)
 .comment       0x000000000000002b       0x2c c:/program files/microchip/xc32/v4.40/bin/bin/../../lib/gcc/pic32mx/8.3.1/../../../../pic32mx/lib\libc-musl.a(__io_file_needed.o)
 .comment       0x000000000000002b       0x2c c:/program files/microchip/xc32/v4.40/bin/bin/../../lib/gcc/pic32mx/8.3.1\libgcc.a(_udivdi3.o)
 .comment       0x000000000000002b       0x2c c:/program files/microchip/xc32/v4.40/bin/bin/../../lib/gcc/pic32mx/8.3.1\libgcc.a(_umoddi3.o)
 .comment       0x000000000000002b       0x2c c:/program files/microchip/xc32/v4.40/bin/bin/../../lib/gcc/pic32mx/8.3.1/../../../../pic32mx/lib\libpic32.a(write.o)
 .comment       0x000000000000002b       0x2c c:/program files/microchip/xc32/v4.40/bin/bin/../../lib/gcc/pic32mx/8.3.1/../../../../pic32mx/lib\libpic32.a(lseek.o)
 .comment       0x000000000000002b       0x2c c:/program files/microchip/xc32/v4.40/bin/bin/../../lib/gcc/pic32mx/8.3.1/../../../../pic32mx/lib\libpic32.a(close.o)
 .comment       0x000000000000002b       0x2c c:/program files/microchip/xc32/v4.40/bin/bin/../../lib/gcc/pic32mx/8.3.1/../../../../pic32mx/lib\libpic32.a(errno.o)

.debug
 *(.debug)

.line
 *(.line)

.debug_srcinfo
 *(.debug_srcinfo)

.debug_sfnames
 *(.debug_sfnames)

.debug_aranges  0x0000000000000000      0x808
 *(.debug_aranges)
 .debug_aranges
                0x0000000000000000       0x18 build/MAIN/production/_ext/1975241074/ES_PostList.o
 .debug_aranges
                0x0000000000000018       0x20 build/MAIN/production/_ext/1975241074/ES_Queue.o
 .debug_aranges
                0x0000000000000038       0x20 build/MAIN/production/_ext/1975241074/ES_CheckEvents.o
 .debug_aranges
                0x0000000000000058       0x20 build/MAIN/production/_ext/1975241074/AD.o
 .debug_aranges
                0x0000000000000078       0x20 build/MAIN/production/_ext/1975241074/ES_Framework.o
 .debug_aranges
                0x0000000000000098       0x20 build/MAIN/production/_ext/1975241074/ES_TattleTale.o
 .debug_aranges
                0x00000000000000b8       0x20 build/MAIN/production/_ext/1975241074/ES_Timers.o
 .debug_aranges
                0x00000000000000d8       0x20 build/MAIN/production/_ext/1975241074/ES_KeyboardInput.o
 .debug_aranges
                0x00000000000000f8       0x20 build/MAIN/production/_ext/1975241074/BOARD.o
 .debug_aranges
                0x0000000000000118       0x20 build/MAIN/production/_ext/1975241074/LED.o
 .debug_aranges
                0x0000000000000138       0x20 build/MAIN/production/_ext/1975241074/IO_Ports.o
 .debug_aranges
                0x0000000000000158       0x20 build/MAIN/production/_ext/1975241074/pwm.o
 .debug_aranges
                0x0000000000000178       0x20 build/MAIN/production/_ext/1975241074/RC_Servo.o
 .debug_aranges
                0x0000000000000198       0x20 build/MAIN/production/_ext/1975241074/serial.o
 .debug_aranges
                0x00000000000001b8       0x20 build/MAIN/production/_ext/1975241074/timers.o
 .debug_aranges
                0x00000000000001d8       0x20 build/MAIN/production/Robot.o
 .debug_aranges
                0x00000000000001f8       0x20 build/MAIN/production/RobotHSM.o
 .debug_aranges
                0x0000000000000218       0x20 build/MAIN/production/_ext/1472/FinalEventChecker.o
 .debug_aranges
                0x0000000000000238       0x20 build/MAIN/production/_ext/1472/FollowTapeSubHSM.o
 .debug_aranges
                0x0000000000000258       0x20 build/MAIN/production/_ext/1472/FollowWallSubHSM.o
 .debug_aranges
                0x0000000000000278       0x20 build/MAIN/production/_ext/1472/TapeBumpService.o
 .debug_aranges
                0x0000000000000298       0x20 build/MAIN/production/Final-ES_Main.o
 .debug_aranges
                0x00000000000002b8       0x20 c:/program files/microchip/xc32/v4.40/bin/bin/../../lib/gcc/pic32mx/8.3.1\libgcc.a(floatunsisf.o)
 .debug_aranges
                0x00000000000002d8       0x20 c:/program files/microchip/xc32/v4.40/bin/bin/../../lib/gcc/pic32mx/8.3.1/../../../../pic32mx/lib\libpic32.a(default-bootstrap-exception-handler.o)
 .debug_aranges
                0x00000000000002f8       0x20 c:/program files/microchip/xc32/v4.40/bin/bin/../../lib/gcc/pic32mx/8.3.1/../../../../pic32mx/lib\libpic32.a(default-on-reset.o)
 .debug_aranges
                0x0000000000000318       0x20 c:/program files/microchip/xc32/v4.40/bin/bin/../../lib/gcc/pic32mx/8.3.1/../../../../pic32mx/lib\libpic32.a(default-on-bootstrap.o)
 .debug_aranges
                0x0000000000000338       0x20 c:/program files/microchip/xc32/v4.40/bin/bin/../../lib/gcc/pic32mx/8.3.1/../../../../pic32mx/lib\libpic32.a(default-general-exception-handler.o)
 .debug_aranges
                0x0000000000000358       0x20 c:/program files/microchip/xc32/v4.40/bin/bin/../../lib/gcc/pic32mx/8.3.1/../../../../pic32mx/lib\libpic32.a(defaultinterrupt.o)
 .debug_aranges
                0x0000000000000378       0x28 c:/program files/microchip/xc32/v4.40/bin/bin/../../lib/gcc/pic32mx/8.3.1/../../../../pic32mx/lib\libc-musl.a(__sio_printf_cdnpsxX.o)
 .debug_aranges
                0x00000000000003a0       0x20 c:/program files/microchip/xc32/v4.40/bin/bin/../../lib/gcc/pic32mx/8.3.1/../../../../pic32mx/lib\libc-musl.a(__fmt_d.o)
 .debug_aranges
                0x00000000000003c0       0x20 c:/program files/microchip/xc32/v4.40/bin/bin/../../lib/gcc/pic32mx/8.3.1/../../../../pic32mx/lib\libc-musl.a(__fmt_s.o)
 .debug_aranges
                0x00000000000003e0       0x20 c:/program files/microchip/xc32/v4.40/bin/bin/../../lib/gcc/pic32mx/8.3.1/../../../../pic32mx/lib\libc-musl.a(__fmt_x.o)
 .debug_aranges
                0x0000000000000400       0x20 c:/program files/microchip/xc32/v4.40/bin/bin/../../lib/gcc/pic32mx/8.3.1/../../../../pic32mx/lib\libc-musl.a(__pop_int.o)
 .debug_aranges
                0x0000000000000420       0x20 c:/program files/microchip/xc32/v4.40/bin/bin/../../lib/gcc/pic32mx/8.3.1/../../../../pic32mx/lib\libc-musl.a(__pop_ptr.o)
 .debug_aranges
                0x0000000000000440       0x50 c:/program files/microchip/xc32/v4.40/bin/bin/../../lib/gcc/pic32mx/8.3.1/../../../../pic32mx/lib\libc-musl.a(__printf_core.o)
 .debug_aranges
                0x0000000000000490       0x30 c:/program files/microchip/xc32/v4.40/bin/bin/../../lib/gcc/pic32mx/8.3.1/../../../../pic32mx/lib\libc-musl.a(stdout.o)
 .debug_aranges
                0x00000000000004c0       0x20 c:/program files/microchip/xc32/v4.40/bin/bin/../../lib/gcc/pic32mx/8.3.1/../../../../pic32mx/lib\libc-musl.a(putchar.o)
 .debug_aranges
                0x00000000000004e0       0x20 c:/program files/microchip/xc32/v4.40/bin/bin/../../lib/gcc/pic32mx/8.3.1/../../../../pic32mx/lib\libc-musl.a(puts.o)
 .debug_aranges
                0x0000000000000500       0x20 c:/program files/microchip/xc32/v4.40/bin/bin/../../lib/gcc/pic32mx/8.3.1/../../../../pic32mx/lib\libc-musl.a(atoi.o)
 .debug_aranges
                0x0000000000000520       0x20 c:/program files/microchip/xc32/v4.40/bin/bin/../../lib/gcc/pic32mx/8.3.1/../../../../pic32mx/lib\libc-musl.a(memcpy.o)
 .debug_aranges
                0x0000000000000540       0x20 c:/program files/microchip/xc32/v4.40/bin/bin/../../lib/gcc/pic32mx/8.3.1/../../../../pic32mx/lib\libc-musl.a(memset.o)
 .debug_aranges
                0x0000000000000560       0x20 c:/program files/microchip/xc32/v4.40/bin/bin/../../lib/gcc/pic32mx/8.3.1/../../../../pic32mx/lib\libc-musl.a(strlen.o)
 .debug_aranges
                0x0000000000000580       0x28 c:/program files/microchip/xc32/v4.40/bin/bin/../../lib/gcc/pic32mx/8.3.1/../../../../pic32mx/lib\libc-musl.a(tolower.o)
 .debug_aranges
                0x00000000000005a8       0x28 c:/program files/microchip/xc32/v4.40/bin/bin/../../lib/gcc/pic32mx/8.3.1/../../../../pic32mx/lib\libc-musl.a(toupper.o)
 .debug_aranges
                0x00000000000005d0       0x20 c:/program files/microchip/xc32/v4.40/bin/bin/../../lib/gcc/pic32mx/8.3.1/../../../../pic32mx/lib\libc-musl.a(__int_vfprintf.o)
 .debug_aranges
                0x00000000000005f0       0x20 c:/program files/microchip/xc32/v4.40/bin/bin/../../lib/gcc/pic32mx/8.3.1/../../../../pic32mx/lib\libc-musl.a(fputs.o)
 .debug_aranges
                0x0000000000000610       0x20 c:/program files/microchip/xc32/v4.40/bin/bin/../../lib/gcc/pic32mx/8.3.1/../../../../pic32mx/lib\libc-musl.a(__cvt_u.o)
 .debug_aranges
                0x0000000000000630       0x28 c:/program files/microchip/xc32/v4.40/bin/bin/../../lib/gcc/pic32mx/8.3.1/../../../../pic32mx/lib\libc-musl.a(__io_init_needed.o)
 .debug_aranges
                0x0000000000000658       0x28 c:/program files/microchip/xc32/v4.40/bin/bin/../../lib/gcc/pic32mx/8.3.1/../../../../pic32mx/lib\libc-musl.a(__out.o)
 .debug_aranges
                0x0000000000000680       0x20 c:/program files/microchip/xc32/v4.40/bin/bin/../../lib/gcc/pic32mx/8.3.1/../../../../pic32mx/lib\libc-musl.a(__pop_float.o)
 .debug_aranges
                0x00000000000006a0       0x28 c:/program files/microchip/xc32/v4.40/bin/bin/../../lib/gcc/pic32mx/8.3.1/../../../../pic32mx/lib\libc-musl.a(__stdio_close.o)
 .debug_aranges
                0x00000000000006c8       0x28 c:/program files/microchip/xc32/v4.40/bin/bin/../../lib/gcc/pic32mx/8.3.1/../../../../pic32mx/lib\libc-musl.a(fwrite.o)
 .debug_aranges
                0x00000000000006f0       0x30 c:/program files/microchip/xc32/v4.40/bin/bin/../../lib/gcc/pic32mx/8.3.1/../../../../pic32mx/lib\libc-musl.a(putc.o)
 .debug_aranges
                0x0000000000000720       0x28 c:/program files/microchip/xc32/v4.40/bin/bin/../../lib/gcc/pic32mx/8.3.1/../../../../pic32mx/lib\libc-musl.a(__init_stdio.o)
 .debug_aranges
                0x0000000000000748       0x20 c:/program files/microchip/xc32/v4.40/bin/bin/../../lib/gcc/pic32mx/8.3.1/../../../../pic32mx/lib\libc-musl.a(__io_file_needed.o)
 .debug_aranges
                0x0000000000000768       0x20 c:/program files/microchip/xc32/v4.40/bin/bin/../../lib/gcc/pic32mx/8.3.1\libgcc.a(_udivdi3.o)
 .debug_aranges
                0x0000000000000788       0x20 c:/program files/microchip/xc32/v4.40/bin/bin/../../lib/gcc/pic32mx/8.3.1\libgcc.a(_umoddi3.o)
 .debug_aranges
                0x00000000000007a8       0x20 c:/program files/microchip/xc32/v4.40/bin/bin/../../lib/gcc/pic32mx/8.3.1/../../../../pic32mx/lib\libpic32.a(write.o)
 .debug_aranges
                0x00000000000007c8       0x20 c:/program files/microchip/xc32/v4.40/bin/bin/../../lib/gcc/pic32mx/8.3.1/../../../../pic32mx/lib\libpic32.a(lseek.o)
 .debug_aranges
                0x00000000000007e8       0x20 c:/program files/microchip/xc32/v4.40/bin/bin/../../lib/gcc/pic32mx/8.3.1/../../../../pic32mx/lib\libpic32.a(close.o)

.debug_pubnames
 *(.debug_pubnames)

.debug_info     0x0000000000000000     0xd3cc
 *(.debug_info .gnu.linkonce.wi.*)
 .debug_info    0x0000000000000000       0x91 build/MAIN/production/_ext/1975241074/ES_PostList.o
 .debug_info    0x0000000000000091      0x32e build/MAIN/production/_ext/1975241074/ES_Queue.o
 .debug_info    0x00000000000003bf      0x144 build/MAIN/production/_ext/1975241074/ES_CheckEvents.o
 .debug_info    0x0000000000000503      0xcc6 build/MAIN/production/_ext/1975241074/AD.o
 .debug_info    0x00000000000011c9      0x4d0 build/MAIN/production/_ext/1975241074/ES_Framework.o
 .debug_info    0x0000000000001699      0x32a build/MAIN/production/_ext/1975241074/ES_TattleTale.o
 .debug_info    0x00000000000019c3      0xb48 build/MAIN/production/_ext/1975241074/ES_Timers.o
 .debug_info    0x000000000000250b      0x286 build/MAIN/production/_ext/1975241074/ES_KeyboardInput.o
 .debug_info    0x0000000000002791      0x197 build/MAIN/production/_ext/1975241074/BOARD.o
 .debug_info    0x0000000000002928      0xa5c build/MAIN/production/_ext/1975241074/LED.o
 .debug_info    0x0000000000003384      0xcba build/MAIN/production/_ext/1975241074/IO_Ports.o
 .debug_info    0x000000000000403e      0x580 build/MAIN/production/_ext/1975241074/pwm.o
 .debug_info    0x00000000000045be      0xcc2 build/MAIN/production/_ext/1975241074/RC_Servo.o
 .debug_info    0x0000000000005280      0xcef build/MAIN/production/_ext/1975241074/serial.o
 .debug_info    0x0000000000005f6f      0x9d8 build/MAIN/production/_ext/1975241074/timers.o
 .debug_info    0x0000000000006947      0xed3 build/MAIN/production/Robot.o
 .debug_info    0x000000000000781a      0x348 build/MAIN/production/RobotHSM.o
 .debug_info    0x0000000000007b62      0x27f build/MAIN/production/_ext/1472/FinalEventChecker.o
 .debug_info    0x0000000000007de1      0x2e5 build/MAIN/production/_ext/1472/FollowTapeSubHSM.o
 .debug_info    0x00000000000080c6      0x2d9 build/MAIN/production/_ext/1472/FollowWallSubHSM.o
 .debug_info    0x000000000000839f      0x316 build/MAIN/production/_ext/1472/TapeBumpService.o
 .debug_info    0x00000000000086b5      0x112 build/MAIN/production/Final-ES_Main.o
 .debug_info    0x00000000000087c7       0x9d c:/program files/microchip/xc32/v4.40/bin/bin/../../lib/gcc/pic32mx/8.3.1\libgcc.a(floatunsisf.o)
 .debug_info    0x0000000000008864       0x41 c:/program files/microchip/xc32/v4.40/bin/bin/../../lib/gcc/pic32mx/8.3.1/../../../../pic32mx/lib\libpic32.a(default-bootstrap-exception-handler.o)
 .debug_info    0x00000000000088a5       0x3f c:/program files/microchip/xc32/v4.40/bin/bin/../../lib/gcc/pic32mx/8.3.1/../../../../pic32mx/lib\libpic32.a(default-on-reset.o)
 .debug_info    0x00000000000088e4       0x3f c:/program files/microchip/xc32/v4.40/bin/bin/../../lib/gcc/pic32mx/8.3.1/../../../../pic32mx/lib\libpic32.a(default-on-bootstrap.o)
 .debug_info    0x0000000000008923       0x41 c:/program files/microchip/xc32/v4.40/bin/bin/../../lib/gcc/pic32mx/8.3.1/../../../../pic32mx/lib\libpic32.a(default-general-exception-handler.o)
 .debug_info    0x0000000000008964       0x40 c:/program files/microchip/xc32/v4.40/bin/bin/../../lib/gcc/pic32mx/8.3.1/../../../../pic32mx/lib\libpic32.a(defaultinterrupt.o)
 .debug_info    0x00000000000089a4      0x1cc c:/program files/microchip/xc32/v4.40/bin/bin/../../lib/gcc/pic32mx/8.3.1/../../../../pic32mx/lib\libc-musl.a(__sio_printf_cdnpsxX.o)
 .debug_info    0x0000000000008b70      0x327 c:/program files/microchip/xc32/v4.40/bin/bin/../../lib/gcc/pic32mx/8.3.1/../../../../pic32mx/lib\libc-musl.a(__fmt_d.o)
 .debug_info    0x0000000000008e97      0x2a9 c:/program files/microchip/xc32/v4.40/bin/bin/../../lib/gcc/pic32mx/8.3.1/../../../../pic32mx/lib\libc-musl.a(__fmt_s.o)
 .debug_info    0x0000000000009140      0x328 c:/program files/microchip/xc32/v4.40/bin/bin/../../lib/gcc/pic32mx/8.3.1/../../../../pic32mx/lib\libc-musl.a(__fmt_x.o)
 .debug_info    0x0000000000009468      0x14e c:/program files/microchip/xc32/v4.40/bin/bin/../../lib/gcc/pic32mx/8.3.1/../../../../pic32mx/lib\libc-musl.a(__pop_int.o)
 .debug_info    0x00000000000095b6      0x15e c:/program files/microchip/xc32/v4.40/bin/bin/../../lib/gcc/pic32mx/8.3.1/../../../../pic32mx/lib\libc-musl.a(__pop_ptr.o)
 .debug_info    0x0000000000009714      0xa27 c:/program files/microchip/xc32/v4.40/bin/bin/../../lib/gcc/pic32mx/8.3.1/../../../../pic32mx/lib\libc-musl.a(__printf_core.o)
 .debug_info    0x000000000000a13b      0x40c c:/program files/microchip/xc32/v4.40/bin/bin/../../lib/gcc/pic32mx/8.3.1/../../../../pic32mx/lib\libc-musl.a(stdout.o)
 .debug_info    0x000000000000a547       0xce c:/program files/microchip/xc32/v4.40/bin/bin/../../lib/gcc/pic32mx/8.3.1/../../../../pic32mx/lib\libc-musl.a(putchar.o)
 .debug_info    0x000000000000a615      0x3a3 c:/program files/microchip/xc32/v4.40/bin/bin/../../lib/gcc/pic32mx/8.3.1/../../../../pic32mx/lib\libc-musl.a(puts.o)
 .debug_info    0x000000000000a9b8       0xee c:/program files/microchip/xc32/v4.40/bin/bin/../../lib/gcc/pic32mx/8.3.1/../../../../pic32mx/lib\libc-musl.a(atoi.o)
 .debug_info    0x000000000000aaa6       0xf7 c:/program files/microchip/xc32/v4.40/bin/bin/../../lib/gcc/pic32mx/8.3.1/../../../../pic32mx/lib\libc-musl.a(memcpy.o)
 .debug_info    0x000000000000ab9d       0xc0 c:/program files/microchip/xc32/v4.40/bin/bin/../../lib/gcc/pic32mx/8.3.1/../../../../pic32mx/lib\libc-musl.a(memset.o)
 .debug_info    0x000000000000ac5d       0xa3 c:/program files/microchip/xc32/v4.40/bin/bin/../../lib/gcc/pic32mx/8.3.1/../../../../pic32mx/lib\libc-musl.a(strlen.o)
 .debug_info    0x000000000000ad00      0x11b c:/program files/microchip/xc32/v4.40/bin/bin/../../lib/gcc/pic32mx/8.3.1/../../../../pic32mx/lib\libc-musl.a(tolower.o)
 .debug_info    0x000000000000ae1b      0x11b c:/program files/microchip/xc32/v4.40/bin/bin/../../lib/gcc/pic32mx/8.3.1/../../../../pic32mx/lib\libc-musl.a(toupper.o)
 .debug_info    0x000000000000af36      0x1e0 c:/program files/microchip/xc32/v4.40/bin/bin/../../lib/gcc/pic32mx/8.3.1/../../../../pic32mx/lib\libc-musl.a(__int_vfprintf.o)
 .debug_info    0x000000000000b116      0x3ad c:/program files/microchip/xc32/v4.40/bin/bin/../../lib/gcc/pic32mx/8.3.1/../../../../pic32mx/lib\libc-musl.a(fputs.o)
 .debug_info    0x000000000000b4c3      0x1d0 c:/program files/microchip/xc32/v4.40/bin/bin/../../lib/gcc/pic32mx/8.3.1/../../../../pic32mx/lib\libc-musl.a(__cvt_u.o)
 .debug_info    0x000000000000b693       0xdf c:/program files/microchip/xc32/v4.40/bin/bin/../../lib/gcc/pic32mx/8.3.1/../../../../pic32mx/lib\libc-musl.a(__io_init_needed.o)
 .debug_info    0x000000000000b772      0x29f c:/program files/microchip/xc32/v4.40/bin/bin/../../lib/gcc/pic32mx/8.3.1/../../../../pic32mx/lib\libc-musl.a(__out.o)
 .debug_info    0x000000000000ba11      0x134 c:/program files/microchip/xc32/v4.40/bin/bin/../../lib/gcc/pic32mx/8.3.1/../../../../pic32mx/lib\libc-musl.a(__pop_float.o)
 .debug_info    0x000000000000bb45      0x3f6 c:/program files/microchip/xc32/v4.40/bin/bin/../../lib/gcc/pic32mx/8.3.1/../../../../pic32mx/lib\libc-musl.a(__stdio_close.o)
 .debug_info    0x000000000000bf3b      0x24c c:/program files/microchip/xc32/v4.40/bin/bin/../../lib/gcc/pic32mx/8.3.1/../../../../pic32mx/lib\libc-musl.a(fwrite.o)
 .debug_info    0x000000000000c187      0x217 c:/program files/microchip/xc32/v4.40/bin/bin/../../lib/gcc/pic32mx/8.3.1/../../../../pic32mx/lib\libc-musl.a(putc.o)
 .debug_info    0x000000000000c39e       0xb9 c:/program files/microchip/xc32/v4.40/bin/bin/../../lib/gcc/pic32mx/8.3.1/../../../../pic32mx/lib\libc-musl.a(__init_stdio.o)
 .debug_info    0x000000000000c457       0xaf c:/program files/microchip/xc32/v4.40/bin/bin/../../lib/gcc/pic32mx/8.3.1/../../../../pic32mx/lib\libc-musl.a(__io_file_needed.o)
 .debug_info    0x000000000000c506      0x6ca c:/program files/microchip/xc32/v4.40/bin/bin/../../lib/gcc/pic32mx/8.3.1\libgcc.a(_udivdi3.o)
 .debug_info    0x000000000000cbd0      0x73e c:/program files/microchip/xc32/v4.40/bin/bin/../../lib/gcc/pic32mx/8.3.1\libgcc.a(_umoddi3.o)
 .debug_info    0x000000000000d30e       0x40 c:/program files/microchip/xc32/v4.40/bin/bin/../../lib/gcc/pic32mx/8.3.1/../../../../pic32mx/lib\libpic32.a(write.o)
 .debug_info    0x000000000000d34e       0x3f c:/program files/microchip/xc32/v4.40/bin/bin/../../lib/gcc/pic32mx/8.3.1/../../../../pic32mx/lib\libpic32.a(lseek.o)
 .debug_info    0x000000000000d38d       0x3f c:/program files/microchip/xc32/v4.40/bin/bin/../../lib/gcc/pic32mx/8.3.1/../../../../pic32mx/lib\libpic32.a(close.o)

.debug_abbrev   0x0000000000000000     0x41d9
 *(.debug_abbrev)
 .debug_abbrev  0x0000000000000000       0x59 build/MAIN/production/_ext/1975241074/ES_PostList.o
 .debug_abbrev  0x0000000000000059      0x128 build/MAIN/production/_ext/1975241074/ES_Queue.o
 .debug_abbrev  0x0000000000000181       0xc0 build/MAIN/production/_ext/1975241074/ES_CheckEvents.o
 .debug_abbrev  0x0000000000000241      0x1f1 build/MAIN/production/_ext/1975241074/AD.o
 .debug_abbrev  0x0000000000000432      0x1b6 build/MAIN/production/_ext/1975241074/ES_Framework.o
 .debug_abbrev  0x00000000000005e8      0x15a build/MAIN/production/_ext/1975241074/ES_TattleTale.o
 .debug_abbrev  0x0000000000000742      0x256 build/MAIN/production/_ext/1975241074/ES_Timers.o
 .debug_abbrev  0x0000000000000998      0x151 build/MAIN/production/_ext/1975241074/ES_KeyboardInput.o
 .debug_abbrev  0x0000000000000ae9       0xbf build/MAIN/production/_ext/1975241074/BOARD.o
 .debug_abbrev  0x0000000000000ba8      0x238 build/MAIN/production/_ext/1975241074/LED.o
 .debug_abbrev  0x0000000000000de0      0x1fc build/MAIN/production/_ext/1975241074/IO_Ports.o
 .debug_abbrev  0x0000000000000fdc      0x1e3 build/MAIN/production/_ext/1975241074/pwm.o
 .debug_abbrev  0x00000000000011bf      0x256 build/MAIN/production/_ext/1975241074/RC_Servo.o
 .debug_abbrev  0x0000000000001415      0x213 build/MAIN/production/_ext/1975241074/serial.o
 .debug_abbrev  0x0000000000001628      0x193 build/MAIN/production/_ext/1975241074/timers.o
 .debug_abbrev  0x00000000000017bb      0x1ee build/MAIN/production/Robot.o
 .debug_abbrev  0x00000000000019a9      0x142 build/MAIN/production/RobotHSM.o
 .debug_abbrev  0x0000000000001aeb      0x108 build/MAIN/production/_ext/1472/FinalEventChecker.o
 .debug_abbrev  0x0000000000001bf3      0x126 build/MAIN/production/_ext/1472/FollowTapeSubHSM.o
 .debug_abbrev  0x0000000000001d19      0x126 build/MAIN/production/_ext/1472/FollowWallSubHSM.o
 .debug_abbrev  0x0000000000001e3f      0x139 build/MAIN/production/_ext/1472/TapeBumpService.o
 .debug_abbrev  0x0000000000001f78       0xa2 build/MAIN/production/Final-ES_Main.o
 .debug_abbrev  0x000000000000201a       0x7d c:/program files/microchip/xc32/v4.40/bin/bin/../../lib/gcc/pic32mx/8.3.1\libgcc.a(floatunsisf.o)
 .debug_abbrev  0x0000000000002097       0x31 c:/program files/microchip/xc32/v4.40/bin/bin/../../lib/gcc/pic32mx/8.3.1/../../../../pic32mx/lib\libpic32.a(default-bootstrap-exception-handler.o)
 .debug_abbrev  0x00000000000020c8       0x2e c:/program files/microchip/xc32/v4.40/bin/bin/../../lib/gcc/pic32mx/8.3.1/../../../../pic32mx/lib\libpic32.a(default-on-reset.o)
 .debug_abbrev  0x00000000000020f6       0x2e c:/program files/microchip/xc32/v4.40/bin/bin/../../lib/gcc/pic32mx/8.3.1/../../../../pic32mx/lib\libpic32.a(default-on-bootstrap.o)
 .debug_abbrev  0x0000000000002124       0x31 c:/program files/microchip/xc32/v4.40/bin/bin/../../lib/gcc/pic32mx/8.3.1/../../../../pic32mx/lib\libpic32.a(default-general-exception-handler.o)
 .debug_abbrev  0x0000000000002155       0x31 c:/program files/microchip/xc32/v4.40/bin/bin/../../lib/gcc/pic32mx/8.3.1/../../../../pic32mx/lib\libpic32.a(defaultinterrupt.o)
 .debug_abbrev  0x0000000000002186      0x12b c:/program files/microchip/xc32/v4.40/bin/bin/../../lib/gcc/pic32mx/8.3.1/../../../../pic32mx/lib\libc-musl.a(__sio_printf_cdnpsxX.o)
 .debug_abbrev  0x00000000000022b1      0x161 c:/program files/microchip/xc32/v4.40/bin/bin/../../lib/gcc/pic32mx/8.3.1/../../../../pic32mx/lib\libc-musl.a(__fmt_d.o)
 .debug_abbrev  0x0000000000002412      0x14c c:/program files/microchip/xc32/v4.40/bin/bin/../../lib/gcc/pic32mx/8.3.1/../../../../pic32mx/lib\libc-musl.a(__fmt_s.o)
 .debug_abbrev  0x000000000000255e      0x150 c:/program files/microchip/xc32/v4.40/bin/bin/../../lib/gcc/pic32mx/8.3.1/../../../../pic32mx/lib\libc-musl.a(__fmt_x.o)
 .debug_abbrev  0x00000000000026ae       0xc3 c:/program files/microchip/xc32/v4.40/bin/bin/../../lib/gcc/pic32mx/8.3.1/../../../../pic32mx/lib\libc-musl.a(__pop_int.o)
 .debug_abbrev  0x0000000000002771       0xd7 c:/program files/microchip/xc32/v4.40/bin/bin/../../lib/gcc/pic32mx/8.3.1/../../../../pic32mx/lib\libc-musl.a(__pop_ptr.o)
 .debug_abbrev  0x0000000000002848      0x318 c:/program files/microchip/xc32/v4.40/bin/bin/../../lib/gcc/pic32mx/8.3.1/../../../../pic32mx/lib\libc-musl.a(__printf_core.o)
 .debug_abbrev  0x0000000000002b60      0x1bd c:/program files/microchip/xc32/v4.40/bin/bin/../../lib/gcc/pic32mx/8.3.1/../../../../pic32mx/lib\libc-musl.a(stdout.o)
 .debug_abbrev  0x0000000000002d1d       0xc4 c:/program files/microchip/xc32/v4.40/bin/bin/../../lib/gcc/pic32mx/8.3.1/../../../../pic32mx/lib\libc-musl.a(putchar.o)
 .debug_abbrev  0x0000000000002de1      0x159 c:/program files/microchip/xc32/v4.40/bin/bin/../../lib/gcc/pic32mx/8.3.1/../../../../pic32mx/lib\libc-musl.a(puts.o)
 .debug_abbrev  0x0000000000002f3a       0xc4 c:/program files/microchip/xc32/v4.40/bin/bin/../../lib/gcc/pic32mx/8.3.1/../../../../pic32mx/lib\libc-musl.a(atoi.o)
 .debug_abbrev  0x0000000000002ffe       0xaa c:/program files/microchip/xc32/v4.40/bin/bin/../../lib/gcc/pic32mx/8.3.1/../../../../pic32mx/lib\libc-musl.a(memcpy.o)
 .debug_abbrev  0x00000000000030a8       0x91 c:/program files/microchip/xc32/v4.40/bin/bin/../../lib/gcc/pic32mx/8.3.1/../../../../pic32mx/lib\libc-musl.a(memset.o)
 .debug_abbrev  0x0000000000003139       0x91 c:/program files/microchip/xc32/v4.40/bin/bin/../../lib/gcc/pic32mx/8.3.1/../../../../pic32mx/lib\libc-musl.a(strlen.o)
 .debug_abbrev  0x00000000000031ca       0xf1 c:/program files/microchip/xc32/v4.40/bin/bin/../../lib/gcc/pic32mx/8.3.1/../../../../pic32mx/lib\libc-musl.a(tolower.o)
 .debug_abbrev  0x00000000000032bb       0xf1 c:/program files/microchip/xc32/v4.40/bin/bin/../../lib/gcc/pic32mx/8.3.1/../../../../pic32mx/lib\libc-musl.a(toupper.o)
 .debug_abbrev  0x00000000000033ac      0x118 c:/program files/microchip/xc32/v4.40/bin/bin/../../lib/gcc/pic32mx/8.3.1/../../../../pic32mx/lib\libc-musl.a(__int_vfprintf.o)
 .debug_abbrev  0x00000000000034c4      0x146 c:/program files/microchip/xc32/v4.40/bin/bin/../../lib/gcc/pic32mx/8.3.1/../../../../pic32mx/lib\libc-musl.a(fputs.o)
 .debug_abbrev  0x000000000000360a       0xe5 c:/program files/microchip/xc32/v4.40/bin/bin/../../lib/gcc/pic32mx/8.3.1/../../../../pic32mx/lib\libc-musl.a(__cvt_u.o)
 .debug_abbrev  0x00000000000036ef       0x81 c:/program files/microchip/xc32/v4.40/bin/bin/../../lib/gcc/pic32mx/8.3.1/../../../../pic32mx/lib\libc-musl.a(__io_init_needed.o)
 .debug_abbrev  0x0000000000003770      0x17a c:/program files/microchip/xc32/v4.40/bin/bin/../../lib/gcc/pic32mx/8.3.1/../../../../pic32mx/lib\libc-musl.a(__out.o)
 .debug_abbrev  0x00000000000038ea       0xc3 c:/program files/microchip/xc32/v4.40/bin/bin/../../lib/gcc/pic32mx/8.3.1/../../../../pic32mx/lib\libc-musl.a(__pop_float.o)
 .debug_abbrev  0x00000000000039ad      0x15a c:/program files/microchip/xc32/v4.40/bin/bin/../../lib/gcc/pic32mx/8.3.1/../../../../pic32mx/lib\libc-musl.a(__stdio_close.o)
 .debug_abbrev  0x0000000000003b07      0x13c c:/program files/microchip/xc32/v4.40/bin/bin/../../lib/gcc/pic32mx/8.3.1/../../../../pic32mx/lib\libc-musl.a(fwrite.o)
 .debug_abbrev  0x0000000000003c43      0x122 c:/program files/microchip/xc32/v4.40/bin/bin/../../lib/gcc/pic32mx/8.3.1/../../../../pic32mx/lib\libc-musl.a(putc.o)
 .debug_abbrev  0x0000000000003d65       0x65 c:/program files/microchip/xc32/v4.40/bin/bin/../../lib/gcc/pic32mx/8.3.1/../../../../pic32mx/lib\libc-musl.a(__init_stdio.o)
 .debug_abbrev  0x0000000000003dca       0x67 c:/program files/microchip/xc32/v4.40/bin/bin/../../lib/gcc/pic32mx/8.3.1/../../../../pic32mx/lib\libc-musl.a(__io_file_needed.o)
 .debug_abbrev  0x0000000000003e31      0x184 c:/program files/microchip/xc32/v4.40/bin/bin/../../lib/gcc/pic32mx/8.3.1\libgcc.a(_udivdi3.o)
 .debug_abbrev  0x0000000000003fb5      0x19a c:/program files/microchip/xc32/v4.40/bin/bin/../../lib/gcc/pic32mx/8.3.1\libgcc.a(_umoddi3.o)
 .debug_abbrev  0x000000000000414f       0x2e c:/program files/microchip/xc32/v4.40/bin/bin/../../lib/gcc/pic32mx/8.3.1/../../../../pic32mx/lib\libpic32.a(write.o)
 .debug_abbrev  0x000000000000417d       0x2e c:/program files/microchip/xc32/v4.40/bin/bin/../../lib/gcc/pic32mx/8.3.1/../../../../pic32mx/lib\libpic32.a(lseek.o)
 .debug_abbrev  0x00000000000041ab       0x2e c:/program files/microchip/xc32/v4.40/bin/bin/../../lib/gcc/pic32mx/8.3.1/../../../../pic32mx/lib\libpic32.a(close.o)

.debug_line     0x0000000000000000     0x7889
 *(.debug_line)
 .debug_line    0x0000000000000000       0x52 build/MAIN/production/_ext/1975241074/ES_PostList.o
 .debug_line    0x0000000000000052      0x1ae build/MAIN/production/_ext/1975241074/ES_Queue.o
 .debug_line    0x0000000000000200      0x134 build/MAIN/production/_ext/1975241074/ES_CheckEvents.o
 .debug_line    0x0000000000000334      0x3bf build/MAIN/production/_ext/1975241074/AD.o
 .debug_line    0x00000000000006f3      0x224 build/MAIN/production/_ext/1975241074/ES_Framework.o
 .debug_line    0x0000000000000917      0x251 build/MAIN/production/_ext/1975241074/ES_TattleTale.o
 .debug_line    0x0000000000000b68      0x2b8 build/MAIN/production/_ext/1975241074/ES_Timers.o
 .debug_line    0x0000000000000e20      0x140 build/MAIN/production/_ext/1975241074/ES_KeyboardInput.o
 .debug_line    0x0000000000000f60      0x13c build/MAIN/production/_ext/1975241074/BOARD.o
 .debug_line    0x000000000000109c      0x556 build/MAIN/production/_ext/1975241074/LED.o
 .debug_line    0x00000000000015f2      0x358 build/MAIN/production/_ext/1975241074/IO_Ports.o
 .debug_line    0x000000000000194a      0x32f build/MAIN/production/_ext/1975241074/pwm.o
 .debug_line    0x0000000000001c79      0x452 build/MAIN/production/_ext/1975241074/RC_Servo.o
 .debug_line    0x00000000000020cb      0x289 build/MAIN/production/_ext/1975241074/serial.o
 .debug_line    0x0000000000002354      0x23b build/MAIN/production/_ext/1975241074/timers.o
 .debug_line    0x000000000000258f      0x40d build/MAIN/production/Robot.o
 .debug_line    0x000000000000299c      0x2a8 build/MAIN/production/RobotHSM.o
 .debug_line    0x0000000000002c44      0x151 build/MAIN/production/_ext/1472/FinalEventChecker.o
 .debug_line    0x0000000000002d95      0x24b build/MAIN/production/_ext/1472/FollowTapeSubHSM.o
 .debug_line    0x0000000000002fe0      0x28e build/MAIN/production/_ext/1472/FollowWallSubHSM.o
 .debug_line    0x000000000000326e      0x1a3 build/MAIN/production/_ext/1472/TapeBumpService.o
 .debug_line    0x0000000000003411       0xe9 build/MAIN/production/Final-ES_Main.o
 .debug_line    0x00000000000034fa       0xaf c:/program files/microchip/xc32/v4.40/bin/bin/../../lib/gcc/pic32mx/8.3.1\libgcc.a(floatunsisf.o)
 .debug_line    0x00000000000035a9       0xc9 c:/program files/microchip/xc32/v4.40/bin/bin/../../lib/gcc/pic32mx/8.3.1/../../../../pic32mx/lib\libpic32.a(default-bootstrap-exception-handler.o)
 .debug_line    0x0000000000003672       0xa5 c:/program files/microchip/xc32/v4.40/bin/bin/../../lib/gcc/pic32mx/8.3.1/../../../../pic32mx/lib\libpic32.a(default-on-reset.o)
 .debug_line    0x0000000000003717       0xa9 c:/program files/microchip/xc32/v4.40/bin/bin/../../lib/gcc/pic32mx/8.3.1/../../../../pic32mx/lib\libpic32.a(default-on-bootstrap.o)
 .debug_line    0x00000000000037c0       0xc7 c:/program files/microchip/xc32/v4.40/bin/bin/../../lib/gcc/pic32mx/8.3.1/../../../../pic32mx/lib\libpic32.a(default-general-exception-handler.o)
 .debug_line    0x0000000000003887       0xc8 c:/program files/microchip/xc32/v4.40/bin/bin/../../lib/gcc/pic32mx/8.3.1/../../../../pic32mx/lib\libpic32.a(defaultinterrupt.o)
 .debug_line    0x000000000000394f      0x256 c:/program files/microchip/xc32/v4.40/bin/bin/../../lib/gcc/pic32mx/8.3.1/../../../../pic32mx/lib\libc-musl.a(__sio_printf_cdnpsxX.o)
 .debug_line    0x0000000000003ba5      0x247 c:/program files/microchip/xc32/v4.40/bin/bin/../../lib/gcc/pic32mx/8.3.1/../../../../pic32mx/lib\libc-musl.a(__fmt_d.o)
 .debug_line    0x0000000000003dec      0x23e c:/program files/microchip/xc32/v4.40/bin/bin/../../lib/gcc/pic32mx/8.3.1/../../../../pic32mx/lib\libc-musl.a(__fmt_s.o)
 .debug_line    0x000000000000402a      0x311 c:/program files/microchip/xc32/v4.40/bin/bin/../../lib/gcc/pic32mx/8.3.1/../../../../pic32mx/lib\libc-musl.a(__fmt_x.o)
 .debug_line    0x000000000000433b      0x243 c:/program files/microchip/xc32/v4.40/bin/bin/../../lib/gcc/pic32mx/8.3.1/../../../../pic32mx/lib\libc-musl.a(__pop_int.o)
 .debug_line    0x000000000000457e      0x1fc c:/program files/microchip/xc32/v4.40/bin/bin/../../lib/gcc/pic32mx/8.3.1/../../../../pic32mx/lib\libc-musl.a(__pop_ptr.o)
 .debug_line    0x000000000000477a      0x6f0 c:/program files/microchip/xc32/v4.40/bin/bin/../../lib/gcc/pic32mx/8.3.1/../../../../pic32mx/lib\libc-musl.a(__printf_core.o)
 .debug_line    0x0000000000004e6a      0x254 c:/program files/microchip/xc32/v4.40/bin/bin/../../lib/gcc/pic32mx/8.3.1/../../../../pic32mx/lib\libc-musl.a(stdout.o)
 .debug_line    0x00000000000050be      0x187 c:/program files/microchip/xc32/v4.40/bin/bin/../../lib/gcc/pic32mx/8.3.1/../../../../pic32mx/lib\libc-musl.a(putchar.o)
 .debug_line    0x0000000000005245      0x21a c:/program files/microchip/xc32/v4.40/bin/bin/../../lib/gcc/pic32mx/8.3.1/../../../../pic32mx/lib\libc-musl.a(puts.o)
 .debug_line    0x000000000000545f      0x16c c:/program files/microchip/xc32/v4.40/bin/bin/../../lib/gcc/pic32mx/8.3.1/../../../../pic32mx/lib\libc-musl.a(atoi.o)
 .debug_line    0x00000000000055cb      0x133 c:/program files/microchip/xc32/v4.40/bin/bin/../../lib/gcc/pic32mx/8.3.1/../../../../pic32mx/lib\libc-musl.a(memcpy.o)
 .debug_line    0x00000000000056fe      0x127 c:/program files/microchip/xc32/v4.40/bin/bin/../../lib/gcc/pic32mx/8.3.1/../../../../pic32mx/lib\libc-musl.a(memset.o)
 .debug_line    0x0000000000005825      0x12b c:/program files/microchip/xc32/v4.40/bin/bin/../../lib/gcc/pic32mx/8.3.1/../../../../pic32mx/lib\libc-musl.a(strlen.o)
 .debug_line    0x0000000000005950      0x1aa c:/program files/microchip/xc32/v4.40/bin/bin/../../lib/gcc/pic32mx/8.3.1/../../../../pic32mx/lib\libc-musl.a(tolower.o)
 .debug_line    0x0000000000005afa      0x1aa c:/program files/microchip/xc32/v4.40/bin/bin/../../lib/gcc/pic32mx/8.3.1/../../../../pic32mx/lib\libc-musl.a(toupper.o)
 .debug_line    0x0000000000005ca4      0x1b2 c:/program files/microchip/xc32/v4.40/bin/bin/../../lib/gcc/pic32mx/8.3.1/../../../../pic32mx/lib\libc-musl.a(__int_vfprintf.o)
 .debug_line    0x0000000000005e56      0x283 c:/program files/microchip/xc32/v4.40/bin/bin/../../lib/gcc/pic32mx/8.3.1/../../../../pic32mx/lib\libc-musl.a(fputs.o)
 .debug_line    0x00000000000060d9      0x22b c:/program files/microchip/xc32/v4.40/bin/bin/../../lib/gcc/pic32mx/8.3.1/../../../../pic32mx/lib\libc-musl.a(__cvt_u.o)
 .debug_line    0x0000000000006304      0x145 c:/program files/microchip/xc32/v4.40/bin/bin/../../lib/gcc/pic32mx/8.3.1/../../../../pic32mx/lib\libc-musl.a(__io_init_needed.o)
 .debug_line    0x0000000000006449      0x28d c:/program files/microchip/xc32/v4.40/bin/bin/../../lib/gcc/pic32mx/8.3.1/../../../../pic32mx/lib\libc-musl.a(__out.o)
 .debug_line    0x00000000000066d6      0x1a4 c:/program files/microchip/xc32/v4.40/bin/bin/../../lib/gcc/pic32mx/8.3.1/../../../../pic32mx/lib\libc-musl.a(__pop_float.o)
 .debug_line    0x000000000000687a      0x2d9 c:/program files/microchip/xc32/v4.40/bin/bin/../../lib/gcc/pic32mx/8.3.1/../../../../pic32mx/lib\libc-musl.a(__stdio_close.o)
 .debug_line    0x0000000000006b53      0x1e7 c:/program files/microchip/xc32/v4.40/bin/bin/../../lib/gcc/pic32mx/8.3.1/../../../../pic32mx/lib\libc-musl.a(fwrite.o)
 .debug_line    0x0000000000006d3a      0x1f9 c:/program files/microchip/xc32/v4.40/bin/bin/../../lib/gcc/pic32mx/8.3.1/../../../../pic32mx/lib\libc-musl.a(putc.o)
 .debug_line    0x0000000000006f33       0xc8 c:/program files/microchip/xc32/v4.40/bin/bin/../../lib/gcc/pic32mx/8.3.1/../../../../pic32mx/lib\libc-musl.a(__init_stdio.o)
 .debug_line    0x0000000000006ffb       0xbc c:/program files/microchip/xc32/v4.40/bin/bin/../../lib/gcc/pic32mx/8.3.1/../../../../pic32mx/lib\libc-musl.a(__io_file_needed.o)
 .debug_line    0x00000000000070b7      0x2d8 c:/program files/microchip/xc32/v4.40/bin/bin/../../lib/gcc/pic32mx/8.3.1\libgcc.a(_udivdi3.o)
 .debug_line    0x000000000000738f      0x30f c:/program files/microchip/xc32/v4.40/bin/bin/../../lib/gcc/pic32mx/8.3.1\libgcc.a(_umoddi3.o)
 .debug_line    0x000000000000769e       0xb7 c:/program files/microchip/xc32/v4.40/bin/bin/../../lib/gcc/pic32mx/8.3.1/../../../../pic32mx/lib\libpic32.a(write.o)
 .debug_line    0x0000000000007755       0x9a c:/program files/microchip/xc32/v4.40/bin/bin/../../lib/gcc/pic32mx/8.3.1/../../../../pic32mx/lib\libpic32.a(lseek.o)
 .debug_line    0x00000000000077ef       0x9a c:/program files/microchip/xc32/v4.40/bin/bin/../../lib/gcc/pic32mx/8.3.1/../../../../pic32mx/lib\libpic32.a(close.o)
 .debug_line    0x0000000000007889        0x0 c:/program files/microchip/xc32/v4.40/bin/bin/../../lib/gcc/pic32mx/8.3.1/../../../../pic32mx/lib\libpic32.a(errno.o)

.debug_frame    0x0000000000000000     0x1d88
 *(.debug_frame)
 .debug_frame   0x0000000000000000       0x90 build/MAIN/production/_ext/1975241074/ES_Queue.o
 .debug_frame   0x0000000000000090       0x34 build/MAIN/production/_ext/1975241074/ES_CheckEvents.o
 .debug_frame   0x00000000000000c4      0x190 build/MAIN/production/_ext/1975241074/AD.o
 .debug_frame   0x0000000000000254       0xc0 build/MAIN/production/_ext/1975241074/ES_Framework.o
 .debug_frame   0x0000000000000314       0x7c build/MAIN/production/_ext/1975241074/ES_TattleTale.o
 .debug_frame   0x0000000000000390      0x14c build/MAIN/production/_ext/1975241074/ES_Timers.o
 .debug_frame   0x00000000000004dc       0x98 build/MAIN/production/_ext/1975241074/ES_KeyboardInput.o
 .debug_frame   0x0000000000000574       0x74 build/MAIN/production/_ext/1975241074/BOARD.o
 .debug_frame   0x00000000000005e8      0x170 build/MAIN/production/_ext/1975241074/LED.o
 .debug_frame   0x0000000000000758      0x200 build/MAIN/production/_ext/1975241074/IO_Ports.o
 .debug_frame   0x0000000000000958      0x148 build/MAIN/production/_ext/1975241074/pwm.o
 .debug_frame   0x0000000000000aa0      0x1f8 build/MAIN/production/_ext/1975241074/RC_Servo.o
 .debug_frame   0x0000000000000c98      0x15c build/MAIN/production/_ext/1975241074/serial.o
 .debug_frame   0x0000000000000df4      0x174 build/MAIN/production/_ext/1975241074/timers.o
 .debug_frame   0x0000000000000f68      0x3c4 build/MAIN/production/Robot.o
 .debug_frame   0x000000000000132c       0xbc build/MAIN/production/RobotHSM.o
 .debug_frame   0x00000000000013e8       0x58 build/MAIN/production/_ext/1472/FinalEventChecker.o
 .debug_frame   0x0000000000001440       0x58 build/MAIN/production/_ext/1472/FollowTapeSubHSM.o
 .debug_frame   0x0000000000001498       0x58 build/MAIN/production/_ext/1472/FollowWallSubHSM.o
 .debug_frame   0x00000000000014f0       0x7c build/MAIN/production/_ext/1472/TapeBumpService.o
 .debug_frame   0x000000000000156c       0x2c build/MAIN/production/Final-ES_Main.o
 .debug_frame   0x0000000000001598       0x2c c:/program files/microchip/xc32/v4.40/bin/bin/../../lib/gcc/pic32mx/8.3.1\libgcc.a(floatunsisf.o)
 .debug_frame   0x00000000000015c4       0x2c c:/program files/microchip/xc32/v4.40/bin/bin/../../lib/gcc/pic32mx/8.3.1/../../../../pic32mx/lib\libpic32.a(default-bootstrap-exception-handler.o)
 .debug_frame   0x00000000000015f0       0x20 c:/program files/microchip/xc32/v4.40/bin/bin/../../lib/gcc/pic32mx/8.3.1/../../../../pic32mx/lib\libpic32.a(default-on-reset.o)
 .debug_frame   0x0000000000001610       0x20 c:/program files/microchip/xc32/v4.40/bin/bin/../../lib/gcc/pic32mx/8.3.1/../../../../pic32mx/lib\libpic32.a(default-on-bootstrap.o)
 .debug_frame   0x0000000000001630       0x2c c:/program files/microchip/xc32/v4.40/bin/bin/../../lib/gcc/pic32mx/8.3.1/../../../../pic32mx/lib\libpic32.a(default-general-exception-handler.o)
 .debug_frame   0x000000000000165c       0x20 c:/program files/microchip/xc32/v4.40/bin/bin/../../lib/gcc/pic32mx/8.3.1/../../../../pic32mx/lib\libpic32.a(defaultinterrupt.o)
 .debug_frame   0x000000000000167c       0x48 c:/program files/microchip/xc32/v4.40/bin/bin/../../lib/gcc/pic32mx/8.3.1/../../../../pic32mx/lib\libc-musl.a(__sio_printf_cdnpsxX.o)
 .debug_frame   0x00000000000016c4       0x38 c:/program files/microchip/xc32/v4.40/bin/bin/../../lib/gcc/pic32mx/8.3.1/../../../../pic32mx/lib\libc-musl.a(__fmt_d.o)
 .debug_frame   0x00000000000016fc       0x34 c:/program files/microchip/xc32/v4.40/bin/bin/../../lib/gcc/pic32mx/8.3.1/../../../../pic32mx/lib\libc-musl.a(__fmt_s.o)
 .debug_frame   0x0000000000001730       0x40 c:/program files/microchip/xc32/v4.40/bin/bin/../../lib/gcc/pic32mx/8.3.1/../../../../pic32mx/lib\libc-musl.a(__fmt_x.o)